******************************************************************************
                  MSP430 Linker PC v4.2.1                      
******************************************************************************
>> Linked Mon Jun 15 18:12:27 2015

OUTPUT FILE NAME:   <idle_MSP430F5529.out>
ENTRY POINT SYMBOL: "_c_int00"  address: 00005656


MEMORY CONFIGURATION

         name            origin    length      used     unused   attr    fill
----------------------  --------  ---------  --------  --------  ----  --------
  SFR                   00000000   00000010  00000000  00000010  RWIX
  PERIPHERALS_8BIT      00000010   000000f0  00000000  000000f0  RWIX
  PERIPHERALS_16BIT     00000100   00000100  00000000  00000100  RWIX
  INFOD                 00001800   00000080  00000000  00000080  RWIX
  INFOC                 00001880   00000080  00000000  00000080  RWIX
  INFOB                 00001900   00000080  00000000  00000080  RWIX
  INFOA                 00001980   00000080  00000000  00000080  RWIX
  USBRAM                00001c00   00000800  00000000  00000800  RWIX
  RAM                   00002400   00002000  00000746  000018ba  RWIX
  FLASH                 00004400   0000bb80  0000388c  000082f4  RWIX
  INT00                 0000ff80   00000002  00000000  00000002  RWIX
  INT01                 0000ff82   00000002  00000000  00000002  RWIX
  INT02                 0000ff84   00000002  00000000  00000002  RWIX
  INT03                 0000ff86   00000002  00000000  00000002  RWIX
  INT04                 0000ff88   00000002  00000000  00000002  RWIX
  INT05                 0000ff8a   00000002  00000000  00000002  RWIX
  INT06                 0000ff8c   00000002  00000000  00000002  RWIX
  INT07                 0000ff8e   00000002  00000000  00000002  RWIX
  INT08                 0000ff90   00000002  00000000  00000002  RWIX
  INT09                 0000ff92   00000002  00000000  00000002  RWIX
  INT10                 0000ff94   00000002  00000000  00000002  RWIX
  INT11                 0000ff96   00000002  00000000  00000002  RWIX
  INT12                 0000ff98   00000002  00000000  00000002  RWIX
  INT13                 0000ff9a   00000002  00000000  00000002  RWIX
  INT14                 0000ff9c   00000002  00000000  00000002  RWIX
  INT15                 0000ff9e   00000002  00000000  00000002  RWIX
  INT16                 0000ffa0   00000002  00000000  00000002  RWIX
  INT17                 0000ffa2   00000002  00000000  00000002  RWIX
  INT18                 0000ffa4   00000002  00000000  00000002  RWIX
  INT19                 0000ffa6   00000002  00000000  00000002  RWIX
  INT20                 0000ffa8   00000002  00000000  00000002  RWIX
  INT21                 0000ffaa   00000002  00000000  00000002  RWIX
  INT22                 0000ffac   00000002  00000000  00000002  RWIX
  INT23                 0000ffae   00000002  00000000  00000002  RWIX
  INT24                 0000ffb0   00000002  00000000  00000002  RWIX
  INT25                 0000ffb2   00000002  00000000  00000002  RWIX
  INT26                 0000ffb4   00000002  00000000  00000002  RWIX
  INT27                 0000ffb6   00000002  00000000  00000002  RWIX
  INT28                 0000ffb8   00000002  00000000  00000002  RWIX
  INT29                 0000ffba   00000002  00000000  00000002  RWIX
  INT30                 0000ffbc   00000002  00000000  00000002  RWIX
  INT31                 0000ffbe   00000002  00000000  00000002  RWIX
  INT32                 0000ffc0   00000002  00000000  00000002  RWIX
  INT33                 0000ffc2   00000002  00000000  00000002  RWIX
  INT34                 0000ffc4   00000002  00000000  00000002  RWIX
  INT35                 0000ffc6   00000002  00000000  00000002  RWIX
  INT36                 0000ffc8   00000002  00000000  00000002  RWIX
  INT37                 0000ffca   00000002  00000000  00000002  RWIX
  INT38                 0000ffcc   00000002  00000000  00000002  RWIX
  INT39                 0000ffce   00000002  00000000  00000002  RWIX
  INT40                 0000ffd0   00000002  00000000  00000002  RWIX
  INT41                 0000ffd2   00000002  00000002  00000000  RWIX
  INT42                 0000ffd4   00000002  00000002  00000000  RWIX
  INT43                 0000ffd6   00000002  00000002  00000000  RWIX
  INT44                 0000ffd8   00000002  00000002  00000000  RWIX
  INT45                 0000ffda   00000002  00000002  00000000  RWIX
  INT46                 0000ffdc   00000002  00000002  00000000  RWIX
  INT47                 0000ffde   00000002  00000002  00000000  RWIX
  INT48                 0000ffe0   00000002  00000002  00000000  RWIX
  INT49                 0000ffe2   00000002  00000002  00000000  RWIX
  INT50                 0000ffe4   00000002  00000002  00000000  RWIX
  INT51                 0000ffe6   00000002  00000002  00000000  RWIX
  INT52                 0000ffe8   00000002  00000002  00000000  RWIX
  INT53                 0000ffea   00000002  00000002  00000000  RWIX
  INT54                 0000ffec   00000002  00000002  00000000  RWIX
  INT55                 0000ffee   00000002  00000002  00000000  RWIX
  INT56                 0000fff0   00000002  00000002  00000000  RWIX
  INT57                 0000fff2   00000002  00000002  00000000  RWIX
  INT58                 0000fff4   00000002  00000002  00000000  RWIX
  INT59                 0000fff6   00000002  00000002  00000000  RWIX
  INT60                 0000fff8   00000002  00000002  00000000  RWIX
  INT61                 0000fffa   00000002  00000002  00000000  RWIX
  INT62                 0000fffc   00000002  00000002  00000000  RWIX
  RESET                 0000fffe   00000002  00000002  00000000  RWIX
  FLASH2                00010000   00014400  00000000  00014400  RWIX


SECTION ALLOCATION MAP

 output                                  attributes/
section   page    origin      length       input sections
--------  ----  ----------  ----------   ----------------
xdc.meta   0    00000000    00000106     COPY SECTION
                  00000000    00000106     idle_pe430X.oe430X (xdc.meta)

.init_array 
*          0    00004400    00000000     UNINITIALIZED

.bss       0    00002400    00000280     UNINITIALIZED
                  00002400    00000200     (.common:xdc_runtime_LoggerBuf_Instance_State_0_entryArr__A)
                  00002600    00000050     (.common:xdc_runtime_SysMin_Module_State_0_outbuf__A)
                  00002650    00000020     (.common:xdc_runtime_HeapMin_Instance_State_0_buf__A)
                  00002670    00000008     ti.targets.msp430.rts430.ae430X : boot.oe430X (.bss)
                  00002678    00000008     (.common:parmbuf)

.TI.noinit 
*          0    00002400    00000000     UNINITIALIZED

.data      0    00002680    000001a6     UNINITIALIZED
                  00002680    000000a2     idle_pe430X.oe430X (.data)
                  00002722    00000060     idle_pe430X.oe430X (.data:ti_sysbios_family_msp430_Timer_Object__table__V)
                  00002782    00000024     idle_pe430X.oe430X (.data:xdc_runtime_LoggerBuf_Object__table__V)
                  000027a6    0000001c     idle_pe430X.oe430X (.data:ti_sysbios_family_msp430_Hwi_Object__table__V)
                  000027c2    00000018     idle_pe430X.oe430X (.data:ti_sysbios_family_msp430_Timer_Module_State_0_device__A)
                  000027da    00000010     idle_pe430X.oe430X (.data:ti_sysbios_family_msp430_Timer_Module_State_0_handles__A)
                  000027ea    00000010     idle_pe430X.oe430X (.data:xdc_runtime_HeapMin_Object__table__V)
                  000027fa    00000010     idle_pe430X.oe430X (.data:xdc_runtime_System_Module_State_0_atexitHandlers__A)
                  0000280a    00000008     rts430x_lc_rd_eabi.lib : _lock.obj (.data)
                  00002812    00000008     idle_pe430X.oe430X (.data:ti_sysbios_knl_Swi_Module_State_0_readyQ__A)
                  0000281a    00000004     idle.obj (.data)
                  0000281e    00000004     rts430x_lc_rd_eabi.lib : dtor_list.obj (.data)
                  00002822    00000004     idle_pe430X.oe430X (.data:ti_sysbios_gates_GateHwi_Object__table__V)

.TI.persistent 
*          0    00002680    00000000     UNINITIALIZED

.cio       0    00002826    00000120     UNINITIALIZED
                  00002826    00000120     rts430x_lc_rd_eabi.lib : trgmsg.obj (.cio)

.stack     0    00004200    00000200     UNINITIALIZED
                  00004200    00000004     ti.targets.msp430.rts430.ae430X : boot.oe430X (.stack)
                  00004204    000001fc     --HOLE--

.const     0    00004400    00001256     
                  00004400    00000eea     idle_pe430X.oe430X (.const:xdc_runtime_Text_charTab__A)
                  000052ea    0000009c     idle_pe430X.oe430X (.const:xdc_runtime_Text_nodeTab__A)
                  00005386    00000058     ti.targets.msp430.rts430.ae430X : Error.oe430X (.const:.string)
                  000053de    00000044                                     : Text.oe430X (.const:.string)
                  00005422    0000003a     idle_pe430X.oe430X (.const:xdc_runtime_LoggerBuf_Module__FXNS__C)
                  0000545c    0000002a     idle.obj (.const:.string)
                  00005486    0000002a     ti.targets.msp430.rts430.ae430X : Startup.oe430X (.const:.string)
                  000054b0    00000028     idle_pe430X.oe430X (.const:xdc_runtime_Startup_sfxnTab__A)
                  000054d8    00000026     idle_pe430X.oe430X (.const:xdc_runtime_HeapMin_Module__FXNS__C)
                  000054fe    00000022     idle_pe430X.oe430X (.const:ti_sysbios_gates_GateHwi_Module__FXNS__C)
                  00005520    00000014     idle_pe430X.oe430X (.const:xdc_runtime_Startup_sfxnRts__A)
                  00005534    00000011     ti.targets.msp430.rts430.ae430X : System.oe430X (.const:digtohex)
                  00005545    00000001     --HOLE-- [fill = 0]
                  00005546    00000008                                     : System.oe430X (.const:.string)
                  0000554e    00000008     idle_pe430X.oe430X (.const:ti_sysbios_knl_Idle_funcList__A)
                  00005556    00000008     idle_pe430X.oe430X (.const:xdc_runtime_Startup_lastFxns__A)
                  0000555e    00000006     ti.targets.msp430.rts430.ae430X : Assert.oe430X (.const:.string)
                  00005564    00000006     idle_pe430X.oe430X (.const:ti_sysbios_family_msp430_Hwi_hooks__C)
                  0000556a    00000006     idle_pe430X.oe430X (.const:ti_sysbios_knl_Idle_coreList__C)
                  00005570    00000006     idle_pe430X.oe430X (.const:ti_sysbios_knl_Idle_funcList__C)
                  00005576    00000006     idle_pe430X.oe430X (.const:xdc_runtime_Startup_firstFxns__C)
                  0000557c    00000006     idle_pe430X.oe430X (.const:xdc_runtime_Startup_lastFxns__C)
                  00005582    00000004     idle_pe430X.oe430X (.const:ti_sysbios_BIOS_installedErrorHook__C)
                  00005586    00000004     idle_pe430X.oe430X (.const:ti_sysbios_family_msp430_TimestampProvider_Module__diagsEnabled__C)
                  0000558a    00000004     idle_pe430X.oe430X (.const:ti_sysbios_family_msp430_TimestampProvider_Module__diagsIncluded__C)
                  0000558e    00000004     idle_pe430X.oe430X (.const:ti_sysbios_family_msp430_TimestampProvider_Module__diagsMask__C)
                  00005592    00000004     idle_pe430X.oe430X (.const:ti_sysbios_hal_Hwi_E_stackOverflow__C)
                  00005596    00000004     idle_pe430X.oe430X (.const:ti_sysbios_knl_Idle_coreList__A)
                  0000559a    00000004     idle_pe430X.oe430X (.const:xdc_runtime_Assert_E_assertFailed__C)
                  0000559e    00000004     idle_pe430X.oe430X (.const:xdc_runtime_Error_E_memory__C)
                  000055a2    00000004     idle_pe430X.oe430X (.const:xdc_runtime_Error_Module__diagsEnabled__C)
                  000055a6    00000004     idle_pe430X.oe430X (.const:xdc_runtime_Error_Module__diagsIncluded__C)
                  000055aa    00000004     idle_pe430X.oe430X (.const:xdc_runtime_Error_Module__diagsMask__C)
                  000055ae    00000004     idle_pe430X.oe430X (.const:xdc_runtime_Error_Module__loggerFxn8__C)
                  000055b2    00000004     idle_pe430X.oe430X (.const:xdc_runtime_Error_Module__loggerObj__C)
                  000055b6    00000004     idle_pe430X.oe430X (.const:xdc_runtime_Error_raiseHook__C)
                  000055ba    00000004     idle_pe430X.oe430X (.const:xdc_runtime_HeapMin_E_freeError__C)
                  000055be    00000004     idle_pe430X.oe430X (.const:xdc_runtime_IFilterLogger_Interface__BASE__C)
                  000055c2    00000004     idle_pe430X.oe430X (.const:xdc_runtime_IGateProvider_Interface__BASE__C)
                  000055c6    00000004     idle_pe430X.oe430X (.const:xdc_runtime_IHeap_Interface__BASE__C)
                  000055ca    00000004     idle_pe430X.oe430X (.const:xdc_runtime_ILogger_Interface__BASE__C)
                  000055ce    00000004     idle_pe430X.oe430X (.const:xdc_runtime_IModule_Interface__BASE__C)
                  000055d2    00000004     idle_pe430X.oe430X (.const:xdc_runtime_Log_L_error__C)
                  000055d6    00000004     idle_pe430X.oe430X (.const:xdc_runtime_Log_L_info__C)
                  000055da    00000004     idle_pe430X.oe430X (.const:xdc_runtime_LoggerBuf_E_badLevel__C)
                  000055de    00000004     idle_pe430X.oe430X (.const:xdc_runtime_LoggerBuf_Module__gateObj__C)
                  000055e2    00000004     idle_pe430X.oe430X (.const:xdc_runtime_LoggerBuf_statusLogger__C)
                  000055e6    00000004     idle_pe430X.oe430X (.const:xdc_runtime_Main_Module__diagsEnabled__C)
                  000055ea    00000004     idle_pe430X.oe430X (.const:xdc_runtime_Main_Module__diagsIncluded__C)
                  000055ee    00000004     idle_pe430X.oe430X (.const:xdc_runtime_Main_Module__diagsMask__C)
                  000055f2    00000004     idle_pe430X.oe430X (.const:xdc_runtime_Main_Module__loggerFxn4__C)
                  000055f6    00000004     idle_pe430X.oe430X (.const:xdc_runtime_Main_Module__loggerObj__C)
                  000055fa    00000004     idle_pe430X.oe430X (.const:xdc_runtime_Memory_defaultHeapInstance__C)
                  000055fe    00000004     idle_pe430X.oe430X (.const:xdc_runtime_Startup_execImpl__C)
                  00005602    00000004     idle_pe430X.oe430X (.const:xdc_runtime_Startup_firstFxns__A)
                  00005606    00000004     idle_pe430X.oe430X (.const:xdc_runtime_Startup_sfxnRts__C)
                  0000560a    00000004     idle_pe430X.oe430X (.const:xdc_runtime_Startup_sfxnTab__C)
                  0000560e    00000004     idle_pe430X.oe430X (.const:xdc_runtime_SysMin_outputFunc__C)
                  00005612    00000004     idle_pe430X.oe430X (.const:xdc_runtime_System_Module__gateObj__C)
                  00005616    00000004     idle_pe430X.oe430X (.const:xdc_runtime_System_extendFxn__C)
                  0000561a    00000004     idle_pe430X.oe430X (.const:xdc_runtime_Text_charTab__C)
                  0000561e    00000004     idle_pe430X.oe430X (.const:xdc_runtime_Text_nodeTab__C)
                  00005622    00000004     idle_pe430X.oe430X (.const:xdc_runtime_Text_visitRopeFxn__C)
                  00005626    00000002     idle_pe430X.oe430X (.const:ti_sysbios_family_msp430_Hwi_Object__count__C)
                  00005628    00000002     idle_pe430X.oe430X (.const:ti_sysbios_family_msp430_Timer_numTimerDevices__C)
                  0000562a    00000002     idle_pe430X.oe430X (.const:ti_sysbios_family_msp430_Timer_startupNeeded__C)
                  0000562c    00000002     idle_pe430X.oe430X (.const:ti_sysbios_family_msp430_TimestampProvider_Module__id__C)
                  0000562e    00000002     idle_pe430X.oe430X (.const:ti_sysbios_family_msp430_TimestampProvider_useClockTimer__C)
                  00005630    00000002     idle_pe430X.oe430X (.const:ti_sysbios_hal_Hwi_Module__id__C)
                  00005632    00000002     idle_pe430X.oe430X (.const:xdc_runtime_Error_Module__loggerDefined__C)
                  00005634    00000002     idle_pe430X.oe430X (.const:xdc_runtime_Error_maxDepth__C)
                  00005636    00000002     idle_pe430X.oe430X (.const:xdc_runtime_Error_policy__C)
                  00005638    00000002     idle_pe430X.oe430X (.const:xdc_runtime_HeapMin_Module__id__C)
                  0000563a    00000002     idle_pe430X.oe430X (.const:xdc_runtime_HeapMin_freeError__C)
                  0000563c    00000002     idle_pe430X.oe430X (.const:xdc_runtime_LoggerBuf_Module__id__C)
                  0000563e    00000002     idle_pe430X.oe430X (.const:xdc_runtime_LoggerBuf_Object__count__C)
                  00005640    00000002     idle_pe430X.oe430X (.const:xdc_runtime_LoggerBuf_filterByLevel__C)
                  00005642    00000002     idle_pe430X.oe430X (.const:xdc_runtime_Main_Module__id__C)
                  00005644    00000002     idle_pe430X.oe430X (.const:xdc_runtime_Main_Module__loggerDefined__C)
                  00005646    00000002     idle_pe430X.oe430X (.const:xdc_runtime_Memory_Module__id__C)
                  00005648    00000002     idle_pe430X.oe430X (.const:xdc_runtime_Startup_maxPasses__C)
                  0000564a    00000002     idle_pe430X.oe430X (.const:xdc_runtime_SysMin_bufSize__C)
                  0000564c    00000002     idle_pe430X.oe430X (.const:xdc_runtime_SysMin_flushAtExit__C)
                  0000564e    00000002     idle_pe430X.oe430X (.const:xdc_runtime_System_maxAtexitHandlers__C)
                  00005650    00000002     idle_pe430X.oe430X (.const:xdc_runtime_Text_isLoaded__C)
                  00005652    00000002     idle_pe430X.oe430X (.const:xdc_runtime_Text_registryModsLastId__C)
                  00005654    00000002     idle_pe430X.oe430X (.const:xdc_runtime_Text_unnamedModsLastId__C)

.text:_isr 
*          0    00005656    0000006c     
                  00005656    00000028     ti.targets.msp430.rts430.ae430X : boot.oe430X (.text:_isr:_c_int00_noargs)
                  0000567e    0000000e     sysbios.ae430X : BIOS.obj (.text:_isr:ti_sysbios_family_msp430_Hwi49)
                  0000568c    0000000e                    : BIOS.obj (.text:_isr:ti_sysbios_family_msp430_Hwi53)
                  0000569a    00000002                    : BIOS.obj (.text:_isr:ti_sysbios_family_msp430_Hwi41)
                  0000569c    00000002                    : BIOS.obj (.text:_isr:ti_sysbios_family_msp430_Hwi42)
                  0000569e    00000002                    : BIOS.obj (.text:_isr:ti_sysbios_family_msp430_Hwi43)
                  000056a0    00000002                    : BIOS.obj (.text:_isr:ti_sysbios_family_msp430_Hwi44)
                  000056a2    00000002                    : BIOS.obj (.text:_isr:ti_sysbios_family_msp430_Hwi45)
                  000056a4    00000002                    : BIOS.obj (.text:_isr:ti_sysbios_family_msp430_Hwi46)
                  000056a6    00000002                    : BIOS.obj (.text:_isr:ti_sysbios_family_msp430_Hwi47)
                  000056a8    00000002                    : BIOS.obj (.text:_isr:ti_sysbios_family_msp430_Hwi48)
                  000056aa    00000002                    : BIOS.obj (.text:_isr:ti_sysbios_family_msp430_Hwi50)
                  000056ac    00000002                    : BIOS.obj (.text:_isr:ti_sysbios_family_msp430_Hwi51)
                  000056ae    00000002                    : BIOS.obj (.text:_isr:ti_sysbios_family_msp430_Hwi52)
                  000056b0    00000002                    : BIOS.obj (.text:_isr:ti_sysbios_family_msp430_Hwi54)
                  000056b2    00000002                    : BIOS.obj (.text:_isr:ti_sysbios_family_msp430_Hwi55)
                  000056b4    00000002                    : BIOS.obj (.text:_isr:ti_sysbios_family_msp430_Hwi56)
                  000056b6    00000002                    : BIOS.obj (.text:_isr:ti_sysbios_family_msp430_Hwi57)
                  000056b8    00000002                    : BIOS.obj (.text:_isr:ti_sysbios_family_msp430_Hwi58)
                  000056ba    00000002                    : BIOS.obj (.text:_isr:ti_sysbios_family_msp430_Hwi59)
                  000056bc    00000002                    : BIOS.obj (.text:_isr:ti_sysbios_family_msp430_Hwi60)
                  000056be    00000002                    : BIOS.obj (.text:_isr:ti_sysbios_family_msp430_Hwi61)
                  000056c0    00000002                    : BIOS.obj (.text:_isr:ti_sysbios_family_msp430_Hwi62)

.text      0    000056c2    0000249e     
                  000056c2    000004be     ti.targets.msp430.rts430.ae430X : System.oe430X (.text:xdc_runtime_System_doPrint__I)
                  00005b80    00000232                                     : LoggerBuf.oe430X (.text:xdc_runtime_LoggerBuf_write8__F)
                  00005db2    00000186                                     : Error.oe430X (.text:xdc_runtime_Error_raiseX__F)
                  00005f38    0000015a                                     : LoggerBuf.oe430X (.text:xdc_runtime_LoggerBuf_write4__F)
                  00006092    00000126     idle_pe430X.oe430X (.text:xdc_runtime_System_printfExtend__I)
                  000061b8    000000bc     ti.targets.msp430.rts430.ae430X : Startup.oe430X (.text:xdc_runtime_Startup_startMods__I)
                  00006274    000000b8                                     : Text.oe430X (.text:xdc_runtime_Text_putSite__F)
                  0000632c    000000b0                                     : LoggerBuf.oe430X (.text:xdc_runtime_LoggerBuf_setFilterLevel__F)
                  000063dc    000000a8     idle.obj (.text:myIdleFxn)
                  00006484    000000a4     ti.targets.msp430.rts430.ae430X : LoggerBuf.oe430X (.text:xdc_runtime_LoggerBuf_getFilterLevel__F)
                  00006528    0000009c     idle.obj (.text:main)
                  000065c4    00000096     ti.targets.msp430.rts430.ae430X : System.oe430X (.text:xdc_runtime_System_formatNum__I)
                  0000665a    00000092                                     : Error.oe430X (.text:xdc_runtime_Error_print__F)
                  000066ec    00000088     sysbios.ae430X : BIOS.obj (.text:ti_sysbios_family_msp430_Timer_getExpiredCounts__E)
                  00006774    00000088                    : BIOS.obj (.text:ti_sysbios_family_msp430_TimestampProvider_Module_startup__F)
                  000067fc    00000086     ti.targets.msp430.rts430.ae430X : Text.oe430X (.text:xdc_runtime_Text_putMod__F)
                  00006882    00000082                                     : Text.oe430X (.text:xdc_runtime_Text_putLab__F)
                  00006904    00000080                                     : Memory.oe430X (.text:xdc_runtime_Memory_alloc__F)
                  00006984    0000007e     sysbios.ae430X : BIOS.obj (.text:ti_sysbios_family_msp430_Hwi_Module_startup__F)
                  00006a02    0000006a     rts430x_lc_rd_eabi.lib : trgdrv.obj (.text:HOSTwrite)
                  00006a6c    00000068     ti.targets.msp430.rts430.ae430X : Assert.oe430X (.text:xdc_runtime_Assert_raise__I)
                  00006ad4    00000068                                     : HeapMin.oe430X (.text:xdc_runtime_HeapMin_alloc__F)
                  00006b3c    00000062     rts430x_lc_rd_eabi.lib : copy_decompress_rle.obj (.text:__TI_decompress_rle_core)
                  00006b9e    00000060     ti.targets.msp430.rts430.ae430X : autoinit.oe430X (.text:_auto_init)
                  00006bfe    00000060     sysbios.ae430X : BIOS.obj (.text:ti_sysbios_family_msp430_TimestampProvider_get32__E)
                  00006c5e    0000005c                    : BIOS.obj (.text:ti_sysbios_family_msp430_Hwi_postInit__I)
                  00006cba    0000005a     ti.targets.msp430.rts430.ae430X : Text.oe430X (.text:xdc_runtime_Text_visitRope2__I)
                  00006d14    00000058     rts430x_lc_rd_eabi.lib : div32u.obj (.text)
                  00006d6c    00000056                            : dtor_list.obj (.text:__cxa_finalize)
                  00006dc2    00000056     ti.targets.msp430.rts430.ae430X : SysMin.oe430X (.text:xdc_runtime_SysMin_flush__F)
                  00006e18    00000054     sysbios.ae430X : BIOS.obj (.text:ti_sysbios_family_msp430_Hwi_getStackInfo__E)
                  00006e6c    00000050                    : BIOS.obj (.text:ti_sysbios_family_msp430_Timer_start__E)
                  00006ebc    00000050     ti.targets.msp430.rts430.ae430X : Startup.oe430X (.text:xdc_runtime_Startup_exec__F)
                  00006f0c    0000004e     rts430x_lc_rd_eabi.lib : dtor_list.obj (.text:_Z11__TI_atexitPFYvPvES_S_)
                  00006f5a    0000004c     ti.catalog.msp430.init.ae430X : Boot.oe430X (.text:.bootCodeSection:ti_catalog_msp430_init_Boot_configureDCO)
                  00006fa6    0000004c     sysbios.ae430X : BIOS.obj (.text:ti_sysbios_family_msp430_Timer_initDevice__I)
                  00006ff2    0000004c     ti.targets.msp430.rts430.ae430X : SysMin.oe430X (.text:xdc_runtime_SysMin_putch__F)
                  0000703e    00000048     sysbios.ae430X : BIOS.obj (.text:ti_sysbios_hal_Hwi_checkStack:ti_sysbios_hal_Hwi_checkStack)
                  00007086    00000046                    : BIOS.obj (.text:ti_sysbios_family_msp430_Timer_startup__E)
                  000070cc    00000046     ti.targets.msp430.rts430.ae430X : LoggerBuf.oe430X (.text:xdc_runtime_LoggerBuf_filterOutEvent__I)
                  00007112    00000042     sysbios.ae430X : BIOS.obj (.text:ti_sysbios_BIOS_errorRaiseHook__I)
                  00007154    00000042                    : BIOS.obj (.text:ti_sysbios_family_msp430_Timer_Module_startup__F)
                  00007196    00000042     ti.targets.msp430.rts430.ae430X : Text.oe430X (.text:xdc_runtime_Text_xprintf__I)
                  000071d8    00000040     sysbios.ae430X : BIOS.obj (.text:ti_sysbios_family_msp430_Timer_getCount__E)
                  00007218    00000040                    : BIOS.obj (.text:ti_sysbios_family_msp430_Timer_periodicStub__F)
                  00007258    00000040     ti.targets.msp430.rts430.ae430X : HeapMin.oe430X (.text:xdc_runtime_HeapMin_free__F)
                  00007298    00000040                                     : System.oe430X (.text:xdc_runtime_System_rtsExit__I)
                  000072d8    00000040                                     : Text.oe430X (.text:xdc_runtime_Text_printVisFxn__I)
                  00007318    0000003c     idle_pe430X.oe430X (.text:malloc)
                  00007354    0000003c     sysbios.ae430X : BIOS.obj (.text:ti_sysbios_hal_Hwi_initStack:ti_sysbios_hal_Hwi_initStack)
                  00007390    0000003c                    : BIOS.obj (.text:ti_sysbios_knl_Idle_loop__E)
                  000073cc    0000003a     ti.targets.msp430.rts430.ae430X : System.oe430X (.text:xdc_runtime_System_atexit__F)
                  00007406    0000003a                                     : System.oe430X (.text:xdc_runtime_System_putchar__I)
                  00007440    00000036     rts430x_lc_rd_eabi.lib : trgmsg.obj (.text:__TI_writemsg)
                  00007476    00000036     ti.targets.msp430.rts430.ae430X : LoggerBuf.oe430X (.text:xdc_runtime_LoggerBuf_write2__F)
                  000074ac    00000034                                     : SysMin.oe430X (.text:xdc_runtime_SysMin_abort__F)
                  000074e0    00000032     rts430x_lc_rd_eabi.lib : trgmsg.obj (.text:__TI_readmsg)
                  00007512    00000032     ti.targets.msp430.rts430.ae430X : System.oe430X (.text:xdc_runtime_System_avprintf__F)
                  00007544    00000032                                     : System.oe430X (.text:xdc_runtime_System_vprintf__F)
                  00007576    00000030     sysbios.ae430X : BIOS.obj (.text:ti_sysbios_family_msp430_Timer_postInit__I)
                  000075a6    00000030                    : BIOS.obj (.text:ti_sysbios_family_msp430_Timer_stop__E)
                  000075d6    00000030     ti.targets.msp430.rts430.ae430X : LoggerBuf.oe430X (.text:xdc_runtime_LoggerBuf_reset__F)
                  00007606    0000002e     rts430x_lc_rd_eabi.lib : exit.obj (.text:exit)
                  00007634    0000002c     ti.targets.msp430.rts430.ae430X : LoggerBuf.oe430X (.text:xdc_runtime_LoggerBuf_write1__F)
                  00007660    0000002a     idle_pe430X.oe430X (.text:ti_sysbios_family_msp430_Hwi_Object__get__S)
                  0000768a    0000002a     ti.targets.msp430.rts430.ae430X : LoggerBuf.oe430X (.text:xdc_runtime_LoggerBuf_Module_startup__F)
                  000076b4    0000002a     idle_pe430X.oe430X (.text:xdc_runtime_LoggerBuf_Object__get__S)
                  000076de    0000002a     idle_pe430X.oe430X (.text:xdc_runtime_SysMin_output__I)
                  00007708    00000026     ti.targets.msp430.rts430.ae430X : HeapMin.oe430X (.text:xdc_runtime_HeapMin_getStats__F)
                  0000772e    00000026                                     : LoggerBuf.oe430X (.text:xdc_runtime_LoggerBuf_write0__F)
                  00007754    00000024     rts430x_lc_rd_eabi.lib : copy_zero_init.obj (.text:decompress:ZI:__TI_zero_init)
                  00007778    00000022                            : mult32_f5hw.obj (.text)
                  0000779a    00000022     idle_pe430X.oe430X (.text:ti_sysbios_BIOS_exitFunc__I)
                  000077bc    00000020     ti.targets.msp430.rts430.ae430X : Error.oe430X (.text:xdc_runtime_Error_check__F)
                  000077dc    0000001e     idle_pe430X.oe430X (.text:ti_sysbios_family_msp430_Hwi_Module__startupDone__F)
                  000077fa    0000001e     idle_pe430X.oe430X (.text:ti_sysbios_hal_Timer_Module__startupDone__F)
                  00007818    0000001c     idle_pe430X.oe430X (.text:free)
                  00007834    0000001c     idle_pe430X.oe430X (.text:ti_sysbios_BIOS_startFunc__I)
                  00007850    0000001c     idle_pe430X.oe430X (.text:ti_sysbios_family_msp430_Timer_Module__startupDone__F)
                  0000786c    0000001c     ti.targets.msp430.rts430.ae430X : Registry.oe430X (.text:xdc_runtime_Registry_findById__F)
                  00007888    0000001c                                     : SysMin.oe430X (.text:xdc_runtime_SysMin_Module_startup__F)
                  000078a4    0000001a     sysbios.ae430X : BIOS.obj (.text:ti_sysbios_family_msp430_TimestampProvider_get64__E)
                  000078be    0000001a     ti.targets.msp430.rts430.ae430X : System.oe430X (.text:xdc_runtime_System_vsnprintf__F)
                  000078d8    00000016     rts430x_lc_rd_eabi.lib : memset.obj (.text:memset)
                  000078ee    00000016                            : mult16_f5hw.obj (.text)
                  00007904    00000016     ti.targets.msp430.rts430.ae430X : SysMin.oe430X (.text:xdc_runtime_SysMin_exit__F)
                  0000791a    00000016                                     : System.oe430X (.text:xdc_runtime_System_abort__F)
                  00007930    00000014     rts430x_lc_rd_eabi.lib : memcpy.obj (.text:memcpy)
                  00007944    00000014     idle_pe430X.oe430X (.text:xdc_runtime_Startup_exec__I)
                  00007958    00000014     ti.targets.msp430.rts430.ae430X : Text.oe430X (.text:xdc_runtime_Text_ropeText__F)
                  0000796c    00000012     rts430x_lc_rd_eabi.lib : copy_decompress_none.obj (.text:decompress:none:__TI_decompress_none)
                  0000797e    00000012     sysbios.ae430X : BIOS.obj (.text:ti_sysbios_family_msp430_TimestampProvider_startTimer__F)
                  00007990    00000012     idle_pe430X.oe430X (.text:xdc_runtime_System_aprintf__E)
                  000079a2    00000012     idle_pe430X.oe430X (.text:xdc_runtime_System_printf__E)
                  000079b4    00000010     sysbios.ae430X : BIOS.obj (.text:ti_sysbios_BIOS_setThreadType__E)
                  000079c4    00000010                    : BIOS.obj (.text:ti_sysbios_gates_GateHwi_leave__E)
                  000079d4    00000010                    : BIOS.obj (.text:ti_sysbios_hal_Hwi_Module_startup__F)
                  000079e4    00000010                    : BIOS.obj (.text:ti_sysbios_hal_Timer_Module_startup__F)
                  000079f4    00000010                    : BIOS.obj (.text:ti_sysbios_knl_Clock_Module_startup__F)
                  00007a04    00000010     ti.targets.msp430.rts430.ae430X : Error.oe430X (.text:xdc_runtime_Error_init__F)
                  00007a14    00000010     idle_pe430X.oe430X (.text:xdc_runtime_Text_visitRope__I)
                  00007a24    0000000e     idle.obj (.text:myTickFxn)
                  00007a32    0000000e     rts430x_lc_rd_eabi.lib : strlen.obj (.text:strlen)
                  00007a40    0000000e     sysbios.ae430X : BIOS.obj (.text:ti_sysbios_family_msp430_TimestampProvider_rolloverFunc__F)
                  00007a4e    0000000e     ti.targets.msp430.rts430.ae430X : SysMin.oe430X (.text:xdc_runtime_SysMin_ready__F)
                  00007a5c    0000000c     idle_pe430X.oe430X (.text:.bootCodeSection:ti_catalog_msp430_init_Boot_init)
                  00007a68    0000000c     rts430x_lc_rd_eabi.lib : dtor_list.obj (.text:atexit)
                  00007a74    0000000c     ti.targets.msp430.rts430.ae430X : Gate.oe430X (.text:xdc_runtime_Gate_leaveSystem__F)
                  00007a80    0000000c                                     : LoggerBuf.oe430X (.text:xdc_runtime_LoggerBuf_disable__F)
                  00007a8c    0000000c                                     : LoggerBuf.oe430X (.text:xdc_runtime_LoggerBuf_enable__F)
                  00007a98    0000000c                                     : Memory.oe430X (.text:xdc_runtime_Memory_free__F)
                  00007aa4    0000000a     sysbios.ae430X : BIOS.obj (.text:ti_sysbios_gates_GateHwi_enter__E)
                  00007aae    00000008     ti.catalog.msp430.init.ae430X : Boot.oe430X (.text:.bootCodeSection:ti_catalog_msp430_init_Boot_disableWatchdog)
                  00007ab6    00000008     ti.targets.msp430.rts430.ae430X : xdc_init.oe430X (.text:__xdc__init)
                  00007abe    00000008     sysbios.ae430X : BIOS.obj (.text:ti_sysbios_family_msp430_Hwi_startup__E)
                  00007ac6    00000008     ti.targets.msp430.rts430.ae430X : Gate.oe430X (.text:xdc_runtime_Gate_enterSystem__F)
                  00007ace    00000008     idle_pe430X.oe430X (.text:xdc_runtime_IHeap_alloc)
                  00007ad6    00000008     idle_pe430X.oe430X (.text:xdc_runtime_IHeap_free)
                  00007ade    00000008     ti.targets.msp430.rts430.ae430X : Memory.oe430X (.text:xdc_runtime_Memory_getMaxDefaultTypeAlign__F)
                  00007ae6    00000008                                     : System.oe430X (.text:xdc_runtime_System_lastFxn__I)
                  00007aee    00000006     rts430x_lc_rd_eabi.lib : dtor_list.obj (.text:__cxa_ia64_exit)
                  00007af4    00000006                            : _lock.obj (.text:_register_lock)
                  00007afa    00000006                            : _lock.obj (.text:_register_unlock)
                  00007b00    00000006                            : copy_decompress_rle.obj (.text:decompress:rle24:__TI_decompress_rle24)
                  00007b06    00000006     ti.targets.msp430.rts430.ae430X : Error.oe430X (.text:xdc_runtime_Error_getSite__F)
                  00007b0c    00000004                                     : LoggerBuf.oe430X (.text:LoggerBuf_instanceStartup)
                  00007b10    00000004     rts430x_lc_rd_eabi.lib : dtor_list.obj (.text:__cxa_atexit)
                  00007b14    00000004     ti.targets.msp430.rts430.ae430X : pre_init.oe430X (.text:_system_pre_init)
                  00007b18    00000004     rts430x_lc_rd_eabi.lib : exit.obj (.text:abort)
                  00007b1c    00000004     sysbios.ae430X : BIOS.obj (.text:ti_sysbios_BIOS_start__E)
                  00007b20    00000004                    : BIOS.obj (.text:ti_sysbios_gates_GateHwi_query__F)
                  00007b24    00000004     idle_pe430X.oe430X (.text:ti_sysbios_hal_Hwi_HwiProxy_Module__startupDone__S)
                  00007b28    00000004     idle_pe430X.oe430X (.text:ti_sysbios_hal_Timer_TimerProxy_Module__startupDone__S)
                  00007b2c    00000004     sysbios.ae430X : BIOS.obj (.text:ti_sysbios_knl_Swi_Module_startup__F)
                  00007b30    00000004     ti.targets.msp430.rts430.ae430X : HeapMin.oe430X (.text:xdc_runtime_HeapMin_isBlocking__F)
                  00007b34    00000004     idle_pe430X.oe430X (.text:xdc_runtime_LoggerBuf_Module_GateProxy_enter__E)
                  00007b38    00000004     idle_pe430X.oe430X (.text:xdc_runtime_LoggerBuf_Module_GateProxy_leave__E)
                  00007b3c    00000004     idle_pe430X.oe430X (.text:xdc_runtime_Memory_HeapProxy_alloc__E)
                  00007b40    00000004     idle_pe430X.oe430X (.text:xdc_runtime_Memory_HeapProxy_free__E)
                  00007b44    00000004     idle_pe430X.oe430X (.text:xdc_runtime_Startup_reset__I)
                  00007b48    00000004     idle_pe430X.oe430X (.text:xdc_runtime_System_Module_GateProxy_enter__E)
                  00007b4c    00000004     idle_pe430X.oe430X (.text:xdc_runtime_System_Module_GateProxy_leave__E)
                  00007b50    00000004     ti.targets.msp430.rts430.ae430X : System.oe430X (.text:xdc_runtime_System_Module_startup__F)
                  00007b54    00000004                                     : System.oe430X (.text:xdc_runtime_System_aprintf_va__F)
                  00007b58    00000004                                     : System.oe430X (.text:xdc_runtime_System_printf_va__F)
                  00007b5c    00000002     rts430x_lc_rd_eabi.lib : _lock.obj (.text:_nop)
                  00007b5e    00000002     sysbios.ae430X : BIOS.obj (.text:ti_sysbios_BIOS_nullFunc__I)

.cinit     0    00007b60    0000012c     
                  00007b60    000000fc     (.cinit..data.load) [load image, compression = rle]
                  00007c5c    0000000c     (__TI_handler_table)
                  00007c68    00000006     (.cinit..bss.load) [load image, compression = zero_init]
                  00007c6e    00000006     (.cinit..cio.load) [load image, compression = zero_init]
                  00007c74    00000018     (__TI_cinit_table)

RTC        0    0000ffd2    00000002     
                  0000ffd2    00000002     sysbios.ae430X : BIOS.obj (.int41)

PORT2      0    0000ffd4    00000002     
                  0000ffd4    00000002     sysbios.ae430X : BIOS.obj (.int42)

TIMER2_A1 
*          0    0000ffd6    00000002     
                  0000ffd6    00000002     sysbios.ae430X : BIOS.obj (.int43)

TIMER2_A0 
*          0    0000ffd8    00000002     
                  0000ffd8    00000002     sysbios.ae430X : BIOS.obj (.int44)

USCI_B1    0    0000ffda    00000002     
                  0000ffda    00000002     sysbios.ae430X : BIOS.obj (.int45)

USCI_A1    0    0000ffdc    00000002     
                  0000ffdc    00000002     sysbios.ae430X : BIOS.obj (.int46)

PORT1      0    0000ffde    00000002     
                  0000ffde    00000002     sysbios.ae430X : BIOS.obj (.int47)

TIMER1_A1 
*          0    0000ffe0    00000002     
                  0000ffe0    00000002     sysbios.ae430X : BIOS.obj (.int48)

TIMER1_A0 
*          0    0000ffe2    00000002     
                  0000ffe2    00000002     sysbios.ae430X : BIOS.obj (.int49)

DMA        0    0000ffe4    00000002     
                  0000ffe4    00000002     sysbios.ae430X : BIOS.obj (.int50)

USB_UBM    0    0000ffe6    00000002     
                  0000ffe6    00000002     sysbios.ae430X : BIOS.obj (.int51)

TIMER0_A1 
*          0    0000ffe8    00000002     
                  0000ffe8    00000002     sysbios.ae430X : BIOS.obj (.int52)

TIMER0_A0 
*          0    0000ffea    00000002     
                  0000ffea    00000002     sysbios.ae430X : BIOS.obj (.int53)

ADC12      0    0000ffec    00000002     
                  0000ffec    00000002     sysbios.ae430X : BIOS.obj (.int54)

USCI_B0    0    0000ffee    00000002     
                  0000ffee    00000002     sysbios.ae430X : BIOS.obj (.int55)

USCI_A0    0    0000fff0    00000002     
                  0000fff0    00000002     sysbios.ae430X : BIOS.obj (.int56)

WDT        0    0000fff2    00000002     
                  0000fff2    00000002     sysbios.ae430X : BIOS.obj (.int57)

TIMER0_B1 
*          0    0000fff4    00000002     
                  0000fff4    00000002     sysbios.ae430X : BIOS.obj (.int58)

TIMER0_B0 
*          0    0000fff6    00000002     
                  0000fff6    00000002     sysbios.ae430X : BIOS.obj (.int59)

COMP_B     0    0000fff8    00000002     
                  0000fff8    00000002     sysbios.ae430X : BIOS.obj (.int60)

UNMI       0    0000fffa    00000002     
                  0000fffa    00000002     sysbios.ae430X : BIOS.obj (.int61)

SYSNMI     0    0000fffc    00000002     
                  0000fffc    00000002     sysbios.ae430X : BIOS.obj (.int62)

.reset     0    0000fffe    00000002     
                  0000fffe    00000002     ti.targets.msp430.rts430.ae430X : boot.oe430X (.reset)


LINKER GENERATED COPY TABLES

__TI_cinit_table @ 00007c74 records: 3, size/record: 8, table size: 24
	.data: load addr=00007b60, load size=000000fc bytes, run addr=00002680, run size=000001a6 bytes, compression=rle
	.bss: load addr=00007c68, load size=00000006 bytes, run addr=00002400, run size=00000280 bytes, compression=zero_init
	.cio: load addr=00007c6e, load size=00000006 bytes, run addr=00002826, run size=00000120 bytes, compression=zero_init


LINKER GENERATED HANDLER TABLE

__TI_handler_table @ 00007c5c records: 3, size/record: 4, table size: 12
	index: 0, handler: __TI_zero_init
	index: 1, handler: __TI_decompress_rle24
	index: 2, handler: __TI_decompress_none


GLOBAL SYMBOLS: SORTED ALPHABETICALLY BY Name 

address    name
--------   ----
00000700   ADC12CTL0
00000701   ADC12CTL0_H
00000700   ADC12CTL0_L
00000702   ADC12CTL1
00000703   ADC12CTL1_H
00000702   ADC12CTL1_L
00000704   ADC12CTL2
00000705   ADC12CTL2_H
00000704   ADC12CTL2_L
0000070c   ADC12IE
0000070d   ADC12IE_H
0000070c   ADC12IE_L
0000070a   ADC12IFG
0000070b   ADC12IFG_H
0000070a   ADC12IFG_L
0000070e   ADC12IV
0000070f   ADC12IV_H
0000070e   ADC12IV_L
00000710   ADC12MCTL0
00000711   ADC12MCTL1
0000071a   ADC12MCTL10
0000071b   ADC12MCTL11
0000071c   ADC12MCTL12
0000071d   ADC12MCTL13
0000071e   ADC12MCTL14
0000071f   ADC12MCTL15
00000712   ADC12MCTL2
00000713   ADC12MCTL3
00000714   ADC12MCTL4
00000715   ADC12MCTL5
00000716   ADC12MCTL6
00000717   ADC12MCTL7
00000718   ADC12MCTL8
00000719   ADC12MCTL9
00000720   ADC12MEM0
00000721   ADC12MEM0_H
00000720   ADC12MEM0_L
00000722   ADC12MEM1
00000734   ADC12MEM10
00000735   ADC12MEM10_H
00000734   ADC12MEM10_L
00000736   ADC12MEM11
00000737   ADC12MEM11_H
00000736   ADC12MEM11_L
00000738   ADC12MEM12
00000739   ADC12MEM12_H
00000738   ADC12MEM12_L
0000073a   ADC12MEM13
0000073b   ADC12MEM13_H
0000073a   ADC12MEM13_L
0000073c   ADC12MEM14
0000073d   ADC12MEM14_H
0000073c   ADC12MEM14_L
0000073e   ADC12MEM15
0000073f   ADC12MEM15_H
0000073e   ADC12MEM15_L
00000723   ADC12MEM1_H
00000722   ADC12MEM1_L
00000724   ADC12MEM2
00000725   ADC12MEM2_H
00000724   ADC12MEM2_L
00000726   ADC12MEM3
00000727   ADC12MEM3_H
00000726   ADC12MEM3_L
00000728   ADC12MEM4
00000729   ADC12MEM4_H
00000728   ADC12MEM4_L
0000072a   ADC12MEM5
0000072b   ADC12MEM5_H
0000072a   ADC12MEM5_L
0000072c   ADC12MEM6
0000072d   ADC12MEM6_H
0000072c   ADC12MEM6_L
0000072e   ADC12MEM7
0000072f   ADC12MEM7_H
0000072e   ADC12MEM7_L
00000730   ADC12MEM8
00000731   ADC12MEM8_H
00000730   ADC12MEM8_L
00000732   ADC12MEM9
00000733   ADC12MEM9_H
00000732   ADC12MEM9_L
00007b18   C$$EXIT
00007472   C$$IO$$
000008c0   CBCTL0
000008c1   CBCTL0_H
000008c0   CBCTL0_L
000008c2   CBCTL1
000008c3   CBCTL1_H
000008c2   CBCTL1_L
000008c4   CBCTL2
000008c5   CBCTL2_H
000008c4   CBCTL2_L
000008c6   CBCTL3
000008c7   CBCTL3_H
000008c6   CBCTL3_L
000008cc   CBINT
000008cd   CBINT_H
000008cc   CBINT_L
000008ce   CBIV
00000150   CRCDI
00000152   CRCDIRB
00000153   CRCDIRB_H
00000152   CRCDIRB_L
00000151   CRCDI_H
00000150   CRCDI_L
00000154   CRCINIRES
00000155   CRCINIRES_H
00000154   CRCINIRES_L
00000156   CRCRESR
00000157   CRCRESR_H
00000156   CRCRESR_L
00000510   DMA0CTL
00000511   DMA0CTL_H
00000510   DMA0CTL_L
00000516   DMA0DA
00000516   DMA0DAL
00000512   DMA0SA
00000512   DMA0SAL
0000051a   DMA0SZ
00000520   DMA1CTL
00000521   DMA1CTL_H
00000520   DMA1CTL_L
00000526   DMA1DA
00000526   DMA1DAL
00000522   DMA1SA
00000522   DMA1SAL
0000052a   DMA1SZ
00000530   DMA2CTL
00000531   DMA2CTL_H
00000530   DMA2CTL_L
00000536   DMA2DA
00000536   DMA2DAL
00000532   DMA2SA
00000532   DMA2SAL
0000053a   DMA2SZ
00000500   DMACTL0
00000501   DMACTL0_H
00000500   DMACTL0_L
00000502   DMACTL1
00000503   DMACTL1_H
00000502   DMACTL1_L
00000504   DMACTL2
00000505   DMACTL2_H
00000504   DMACTL2_L
00000506   DMACTL3
00000507   DMACTL3_H
00000506   DMACTL3_L
00000508   DMACTL4
00000509   DMACTL4_H
00000508   DMACTL4_L
0000050e   DMAIV
0000050f   DMAIV_H
0000050e   DMAIV_L
00000140   FCTL1
00000141   FCTL1_H
00000140   FCTL1_L
00000144   FCTL3
00000145   FCTL3_H
00000144   FCTL3_L
00000146   FCTL4
00000147   FCTL4_H
00000146   FCTL4_L
00006a02   HOSTwrite
00007b0c   LoggerBuf_instanceStartup
000004c4   MAC
000004da   MAC32H
000004db   MAC32H_H
000004da   MAC32H_L
000004d8   MAC32L
000004d9   MAC32L_H
000004d8   MAC32L_L
000004c6   MACS
000004de   MACS32H
000004df   MACS32H_H
000004de   MACS32H_L
000004dc   MACS32L
000004dd   MACS32L_H
000004dc   MACS32L_L
000004c7   MACS_H
000004c6   MACS_L
000004c5   MAC_H
000004c4   MAC_L
000004c0   MPY
000004ec   MPY32CTL0
000004ed   MPY32CTL0_H
000004ec   MPY32CTL0_L
000004d2   MPY32H
000004d3   MPY32H_H
000004d2   MPY32H_L
000004d0   MPY32L
000004d1   MPY32L_H
000004d0   MPY32L_L
000004c2   MPYS
000004d6   MPYS32H
000004d7   MPYS32H_H
000004d6   MPYS32H_L
000004d4   MPYS32L
000004d5   MPYS32L_H
000004d4   MPYS32L_L
000004c3   MPYS_H
000004c2   MPYS_L
000004c1   MPY_H
000004c0   MPY_L
000004c8   OP2
000004e2   OP2H
000004e3   OP2H_H
000004e2   OP2H_L
000004e0   OP2L
000004e1   OP2L_H
000004e0   OP2L_L
000004c9   OP2_H
000004c8   OP2_L
0000020e   P1IV
0000021e   P2IV
000001e0   P4MAP01
000001e1   P4MAP01_H
000001e0   P4MAP01_L
000001e2   P4MAP23
000001e3   P4MAP23_H
000001e2   P4MAP23_L
000001e4   P4MAP45
000001e5   P4MAP45_H
000001e4   P4MAP45_L
000001e6   P4MAP67
000001e7   P4MAP67_H
000001e6   P4MAP67_L
00000204   PADIR
00000205   PADIR_H
00000204   PADIR_L
00000208   PADS
00000209   PADS_H
00000208   PADS_L
0000021a   PAIE
00000218   PAIES
00000219   PAIES_H
00000218   PAIES_L
0000021b   PAIE_H
0000021a   PAIE_L
0000021c   PAIFG
0000021d   PAIFG_H
0000021c   PAIFG_L
00000200   PAIN
00000201   PAIN_H
00000200   PAIN_L
00000202   PAOUT
00000203   PAOUT_H
00000202   PAOUT_L
00000206   PAREN
00000207   PAREN_H
00000206   PAREN_L
0000020a   PASEL
0000020b   PASEL_H
0000020a   PASEL_L
00000224   PBDIR
00000225   PBDIR_H
00000224   PBDIR_L
00000228   PBDS
00000229   PBDS_H
00000228   PBDS_L
00000220   PBIN
00000221   PBIN_H
00000220   PBIN_L
00000222   PBOUT
00000223   PBOUT_H
00000222   PBOUT_L
00000226   PBREN
00000227   PBREN_H
00000226   PBREN_L
0000022a   PBSEL
0000022b   PBSEL_H
0000022a   PBSEL_L
00000244   PCDIR
00000245   PCDIR_H
00000244   PCDIR_L
00000248   PCDS
00000249   PCDS_H
00000248   PCDS_L
00000240   PCIN
00000241   PCIN_H
00000240   PCIN_L
00000242   PCOUT
00000243   PCOUT_H
00000242   PCOUT_L
00000246   PCREN
00000247   PCREN_H
00000246   PCREN_L
0000024a   PCSEL
0000024b   PCSEL_H
0000024a   PCSEL_L
00000264   PDDIR
00000265   PDDIR_H
00000264   PDDIR_L
00000268   PDDS
00000269   PDDS_H
00000268   PDDS_L
00000260   PDIN
00000261   PDIN_H
00000260   PDIN_L
00000262   PDOUT
00000263   PDOUT_H
00000262   PDOUT_L
00000266   PDREN
00000267   PDREN_H
00000266   PDREN_L
0000026a   PDSEL
0000026b   PDSEL_H
0000026a   PDSEL_L
00000324   PJDIR
00000325   PJDIR_H
00000324   PJDIR_L
00000328   PJDS
00000329   PJDS_H
00000328   PJDS_L
00000320   PJIN
00000321   PJIN_H
00000320   PJIN_L
00000322   PJOUT
00000323   PJOUT_H
00000322   PJOUT_L
00000326   PJREN
00000327   PJREN_H
00000326   PJREN_L
00000130   PM5CTL0
00000131   PM5CTL0_H
00000130   PM5CTL0_L
000001c2   PMAPCTL
000001c3   PMAPCTL_H
000001c2   PMAPCTL_L
000001c0   PMAPKEYID
000001c1   PMAPKEYID_H
000001c0   PMAPKEYID_L
00000120   PMMCTL0
00000121   PMMCTL0_H
00000120   PMMCTL0_L
00000122   PMMCTL1
00000123   PMMCTL1_H
00000122   PMMCTL1_L
0000012c   PMMIFG
0000012d   PMMIFG_H
0000012c   PMMIFG_L
0000012e   PMMRIE
0000012f   PMMRIE_H
0000012e   PMMRIE_L
00000158   RCCTL0
00000159   RCCTL0_H
00000158   RCCTL0_L
000001b0   REFCTL0
000001b1   REFCTL0_H
000001b0   REFCTL0_L
000004e4   RES0
000004e5   RES0_H
000004e4   RES0_L
000004e6   RES1
000004e7   RES1_H
000004e6   RES1_L
000004e8   RES2
000004e9   RES2_H
000004e8   RES2_L
000004ea   RES3
000004eb   RES3_H
000004ea   RES3_L
000004cc   RESHI
000004cd   RESHI_H
000004cc   RESHI_L
000004ca   RESLO
000004cb   RESLO_H
000004ca   RESLO_L
000004ba   RTCADOWDAY
000004bb   RTCADOWDAY_H
000004ba   RTCADOWDAY_L
000004b8   RTCAMINHR
000004b9   RTCAMINHR_H
000004b8   RTCAMINHR_L
000004a0   RTCCTL01
000004a1   RTCCTL01_H
000004a0   RTCCTL01_L
000004a2   RTCCTL23
000004a3   RTCCTL23_H
000004a2   RTCCTL23_L
000004b4   RTCDATE
000004b5   RTCDATE_H
000004b4   RTCDATE_L
000004ae   RTCIV
000004ac   RTCPS
000004a8   RTCPS0CTL
000004a9   RTCPS0CTL_H
000004a8   RTCPS0CTL_L
000004aa   RTCPS1CTL
000004ab   RTCPS1CTL_H
000004aa   RTCPS1CTL_L
000004ad   RTCPS_H
000004ac   RTCPS_L
000004b0   RTCTIM0
000004b1   RTCTIM0_H
000004b0   RTCTIM0_L
000004b2   RTCTIM1
000004b3   RTCTIM1_H
000004b2   RTCTIM1_L
000004b6   RTCYEAR
000004b7   RTCYEAR_H
000004b6   RTCYEAR_L
00000100   SFRIE1
00000101   SFRIE1_H
00000100   SFRIE1_L
00000102   SFRIFG1
00000103   SFRIFG1_H
00000102   SFRIFG1_L
00000104   SFRRPCR
00000105   SFRRPCR_H
00000104   SFRRPCR_L
000004ce   SUMEXT
000004cf   SUMEXT_H
000004ce   SUMEXT_L
00000124   SVSMHCTL
00000125   SVSMHCTL_H
00000124   SVSMHCTL_L
00000128   SVSMIO
00000129   SVSMIO_H
00000128   SVSMIO_L
00000126   SVSMLCTL
00000127   SVSMLCTL_H
00000126   SVSMLCTL_L
00000198   SYSBERRIV
00000199   SYSBERRIV_H
00000198   SYSBERRIV_L
00000182   SYSBSLC
00000183   SYSBSLC_H
00000182   SYSBSLC_L
00000180   SYSCTL
00000181   SYSCTL_H
00000180   SYSCTL_L
00000186   SYSJMBC
00000187   SYSJMBC_H
00000186   SYSJMBC_L
00000188   SYSJMBI0
00000189   SYSJMBI0_H
00000188   SYSJMBI0_L
0000018a   SYSJMBI1
0000018b   SYSJMBI1_H
0000018a   SYSJMBI1_L
0000018c   SYSJMBO0
0000018d   SYSJMBO0_H
0000018c   SYSJMBO0_L
0000018e   SYSJMBO1
0000018f   SYSJMBO1_H
0000018e   SYSJMBO1_L
0000019e   SYSRSTIV
0000019f   SYSRSTIV_H
0000019e   SYSRSTIV_L
0000019c   SYSSNIV
0000019d   SYSSNIV_H
0000019c   SYSSNIV_L
0000019a   SYSUNIV
0000019b   SYSUNIV_H
0000019a   SYSUNIV_L
00000352   TA0CCR0
00000354   TA0CCR1
00000356   TA0CCR2
00000358   TA0CCR3
0000035a   TA0CCR4
00000342   TA0CCTL0
00000344   TA0CCTL1
00000346   TA0CCTL2
00000348   TA0CCTL3
0000034a   TA0CCTL4
00000340   TA0CTL
00000360   TA0EX0
0000036e   TA0IV
00000350   TA0R
00000392   TA1CCR0
00000394   TA1CCR1
00000396   TA1CCR2
00000382   TA1CCTL0
00000384   TA1CCTL1
00000386   TA1CCTL2
00000380   TA1CTL
000003a0   TA1EX0
000003ae   TA1IV
00000390   TA1R
00000412   TA2CCR0
00000414   TA2CCR1
00000416   TA2CCR2
00000402   TA2CCTL0
00000404   TA2CCTL1
00000406   TA2CCTL2
00000400   TA2CTL
00000420   TA2EX0
0000042e   TA2IV
00000410   TA2R
000003d2   TB0CCR0
000003d4   TB0CCR1
000003d6   TB0CCR2
000003d8   TB0CCR3
000003da   TB0CCR4
000003dc   TB0CCR5
000003de   TB0CCR6
000003c2   TB0CCTL0
000003c4   TB0CCTL1
000003c6   TB0CCTL2
000003c8   TB0CCTL3
000003ca   TB0CCTL4
000003cc   TB0CCTL5
000003ce   TB0CCTL6
000003c0   TB0CTL
000003e0   TB0EX0
000003ee   TB0IV
000003d0   TB0R
000005d0   UCA0ABCTL
000005c6   UCA0BRW
000005c7   UCA0BRW_H
000005c6   UCA0BRW_L
000005c0   UCA0CTLW0
000005c1   UCA0CTLW0_H
000005c0   UCA0CTLW0_L
000005dc   UCA0ICTL
000005dd   UCA0ICTL_H
000005dc   UCA0ICTL_L
000005d2   UCA0IRCTL
000005d3   UCA0IRCTL_H
000005d2   UCA0IRCTL_L
000005de   UCA0IV
000005c8   UCA0MCTL
000005cc   UCA0RXBUF
000005ca   UCA0STAT
000005ce   UCA0TXBUF
00000610   UCA1ABCTL
00000606   UCA1BRW
00000607   UCA1BRW_H
00000606   UCA1BRW_L
00000600   UCA1CTLW0
00000601   UCA1CTLW0_H
00000600   UCA1CTLW0_L
0000061c   UCA1ICTL
0000061d   UCA1ICTL_H
0000061c   UCA1ICTL_L
00000612   UCA1IRCTL
00000613   UCA1IRCTL_H
00000612   UCA1IRCTL_L
0000061e   UCA1IV
00000608   UCA1MCTL
0000060c   UCA1RXBUF
0000060a   UCA1STAT
0000060e   UCA1TXBUF
000005e6   UCB0BRW
000005e7   UCB0BRW_H
000005e6   UCB0BRW_L
000005e0   UCB0CTLW0
000005e1   UCB0CTLW0_H
000005e0   UCB0CTLW0_L
000005f0   UCB0I2COA
000005f1   UCB0I2COA_H
000005f0   UCB0I2COA_L
000005f2   UCB0I2CSA
000005f3   UCB0I2CSA_H
000005f2   UCB0I2CSA_L
000005fc   UCB0ICTL
000005fd   UCB0ICTL_H
000005fc   UCB0ICTL_L
000005fe   UCB0IV
000005ec   UCB0RXBUF
000005ea   UCB0STAT
000005ee   UCB0TXBUF
00000626   UCB1BRW
00000627   UCB1BRW_H
00000626   UCB1BRW_L
00000620   UCB1CTLW0
00000621   UCB1CTLW0_H
00000620   UCB1CTLW0_L
00000630   UCB1I2COA
00000631   UCB1I2COA_H
00000630   UCB1I2COA_L
00000632   UCB1I2CSA
00000633   UCB1I2CSA_H
00000632   UCB1I2CSA_L
0000063c   UCB1ICTL
0000063d   UCB1ICTL_H
0000063c   UCB1ICTL_L
0000063e   UCB1IV
0000062c   UCB1RXBUF
0000062a   UCB1STAT
0000062e   UCB1TXBUF
00000160   UCSCTL0
00000161   UCSCTL0_H
00000160   UCSCTL0_L
00000162   UCSCTL1
00000163   UCSCTL1_H
00000162   UCSCTL1_L
00000164   UCSCTL2
00000165   UCSCTL2_H
00000164   UCSCTL2_L
00000166   UCSCTL3
00000167   UCSCTL3_H
00000166   UCSCTL3_L
00000168   UCSCTL4
00000169   UCSCTL4_H
00000168   UCSCTL4_L
0000016a   UCSCTL5
0000016b   UCSCTL5_H
0000016a   UCSCTL5_L
0000016c   UCSCTL6
0000016d   UCSCTL6_H
0000016c   UCSCTL6_L
0000016e   UCSCTL7
0000016f   UCSCTL7_H
0000016e   UCSCTL7_L
00000170   UCSCTL8
00000171   UCSCTL8_H
00000170   UCSCTL8_L
00000902   USBCNF
00000903   USBCNF_H
00000902   USBCNF_L
0000093c   USBCTL
0000093a   USBFN
0000093b   USBFN_H
0000093a   USBFN_L
0000093f   USBFUNADR
0000093d   USBIE
00002378   USBIEP0BUF
000023c9   USBIEPBBAX_1
000023d1   USBIEPBBAX_2
000023d9   USBIEPBBAX_3
000023e1   USBIEPBBAX_4
000023e9   USBIEPBBAX_5
000023f1   USBIEPBBAX_6
000023f9   USBIEPBBAX_7
000023cd   USBIEPBBAY_1
000023d5   USBIEPBBAY_2
000023dd   USBIEPBBAY_3
000023e5   USBIEPBBAY_4
000023ed   USBIEPBBAY_5
000023f5   USBIEPBBAY_6
000023fd   USBIEPBBAY_7
000023ca   USBIEPBCTX_1
000023d2   USBIEPBCTX_2
000023da   USBIEPBCTX_3
000023e2   USBIEPBCTX_4
000023ea   USBIEPBCTX_5
000023f2   USBIEPBCTX_6
000023fa   USBIEPBCTX_7
000023ce   USBIEPBCTY_1
000023d6   USBIEPBCTY_2
000023de   USBIEPBCTY_3
000023e6   USBIEPBCTY_4
000023ee   USBIEPBCTY_5
000023f6   USBIEPBCTY_6
000023fe   USBIEPBCTY_7
00000920   USBIEPCNF_0
000023c8   USBIEPCNF_1
000023d0   USBIEPCNF_2
000023d8   USBIEPCNF_3
000023e0   USBIEPCNF_4
000023e8   USBIEPCNF_5
000023f0   USBIEPCNF_6
000023f8   USBIEPCNF_7
00000921   USBIEPCNT_0
0000092e   USBIEPIE
00000930   USBIEPIFG
000023cf   USBIEPSIZXY_1
000023d7   USBIEPSIZXY_2
000023df   USBIEPSIZXY_3
000023e7   USBIEPSIZXY_4
000023ef   USBIEPSIZXY_5
000023f7   USBIEPSIZXY_6
000023ff   USBIEPSIZXY_7
0000093e   USBIFG
00000900   USBKEYID
00000901   USBKEYID_H
00000900   USBKEYID_L
00000936   USBMAINT
00000937   USBMAINT_H
00000936   USBMAINT_L
00002370   USBOEP0BUF
00002389   USBOEPBBAX_1
00002391   USBOEPBBAX_2
00002399   USBOEPBBAX_3
000023a1   USBOEPBBAX_4
000023a9   USBOEPBBAX_5
000023b1   USBOEPBBAX_6
000023b9   USBOEPBBAX_7
0000238d   USBOEPBBAY_1
00002395   USBOEPBBAY_2
0000239d   USBOEPBBAY_3
000023a5   USBOEPBBAY_4
000023ad   USBOEPBBAY_5
000023b5   USBOEPBBAY_6
000023bd   USBOEPBBAY_7
0000238a   USBOEPBCTX_1
00002392   USBOEPBCTX_2
0000239a   USBOEPBCTX_3
000023a2   USBOEPBCTX_4
000023aa   USBOEPBCTX_5
000023b2   USBOEPBCTX_6
000023ba   USBOEPBCTX_7
0000238e   USBOEPBCTY_1
00002396   USBOEPBCTY_2
0000239e   USBOEPBCTY_3
000023a6   USBOEPBCTY_4
000023ae   USBOEPBCTY_5
000023b6   USBOEPBCTY_6
000023be   USBOEPBCTY_7
00000922   USBOEPCNF_0
00002388   USBOEPCNF_1
00002390   USBOEPCNF_2
00002398   USBOEPCNF_3
000023a0   USBOEPCNF_4
000023a8   USBOEPCNF_5
000023b0   USBOEPCNF_6
000023b8   USBOEPCNF_7
00000923   USBOEPCNT_0
0000092f   USBOEPIE
00000931   USBOEPIFG
0000238f   USBOEPSIZXY_1
00002397   USBOEPSIZXY_2
0000239f   USBOEPSIZXY_3
000023a7   USBOEPSIZXY_4
000023af   USBOEPSIZXY_5
000023b7   USBOEPSIZXY_6
000023bf   USBOEPSIZXY_7
00000904   USBPHYCTL
00000905   USBPHYCTL_H
00000904   USBPHYCTL_L
00000910   USBPLLCTL
00000911   USBPLLCTL_H
00000910   USBPLLCTL_L
00000912   USBPLLDIVB
00000913   USBPLLDIVB_H
00000912   USBPLLDIVB_L
00000914   USBPLLIR
00000915   USBPLLIR_H
00000914   USBPLLIR_L
00000908   USBPWRCTL
00000909   USBPWRCTL_H
00000908   USBPWRCTL_L
00001c00   USBSTABUFF
00002380   USBSUBLK
0000236f   USBTOPBUFF
00000938   USBTSREG
00000939   USBTSREG_H
00000938   USBTSREG_L
00000932   USBVECINT
00000933   USBVECINT_H
00000932   USBVECINT_L
0000015c   WDTCTL
0000015d   WDTCTL_H
0000015c   WDTCTL_L
00002826   _CIOBUF_
00000000   __ASM__
00000078   __ISA__
0000008c   __PLAT__
00004400   __STACK_END
00000200   __STACK_SIZE
000000b0   __TARG__
00007c74   __TI_CINIT_Base
00007c8c   __TI_CINIT_Limit
00007c5c   __TI_Handler_Table_Base
00007c68   __TI_Handler_Table_Limit
UNDEFED    __TI_INITARRAY_Base
UNDEFED    __TI_INITARRAY_Limit
00000001   __TI_args_main
0000796c   __TI_decompress_none
00007b00   __TI_decompress_rle24
00000001   __TI_exit
0000ffd2   __TI_int41
0000ffd4   __TI_int42
0000ffd6   __TI_int43
0000ffd8   __TI_int44
0000ffda   __TI_int45
0000ffdc   __TI_int46
0000ffde   __TI_int47
0000ffe0   __TI_int48
0000ffe2   __TI_int49
0000ffe4   __TI_int50
0000ffe6   __TI_int51
0000ffe8   __TI_int52
0000ffea   __TI_int53
0000ffec   __TI_int54
0000ffee   __TI_int55
0000fff0   __TI_int56
0000fff2   __TI_int57
0000fff4   __TI_int58
0000fff6   __TI_int59
0000fff8   __TI_int60
0000fffa   __TI_int61
0000fffc   __TI_int62
000074e0   __TI_readmsg
00007440   __TI_writemsg
00007754   __TI_zero_init
000000de   __TRDR__
ffffffff   __binit__
ffffffff   __c_args__
00007b10   __cxa_atexit
00006d6c   __cxa_finalize
00007aee   __cxa_ia64_exit
00006d14   __mspabi_divul
000078ee   __mspabi_mpyi_f5hw
00007778   __mspabi_mpyl_f5hw
00006d14   __mspabi_remul
00007ab6   __xdc__init
0000271e   __xdc__init__addr
00006b9e   _auto_init
00005656   _c_int00
00005656   _c_int00_noargs
00002670   _cleanup_ptr
00002674   _dtors_ptr
0000280a   _lock
00007b5c   _nop
00007af4   _register_lock
00007afa   _register_unlock
0000fffe   _reset_vector
00004200   _stack
00007b14   _system_pre_init
0000280e   _unlock
00007b18   abort
00007a68   atexit
ffffffff   binit
00007606   exit
00007818   free
0000281a   isrFlag
00006528   main
00007318   malloc
00007930   memcpy
000078d8   memset
000063dc   myIdleFxn
00007a24   myTickFxn
00007a32   strlen
00006f5a   ti_catalog_msp430_init_Boot_configureDCO
00007aae   ti_catalog_msp430_init_Boot_disableWatchdog
00007a5c   ti_catalog_msp430_init_Boot_init
00002680   ti_sysbios_BIOS_Module__state__V
00007112   ti_sysbios_BIOS_errorRaiseHook__I
0000779a   ti_sysbios_BIOS_exitFunc__I
00005582   ti_sysbios_BIOS_installedErrorHook__C
00007b5e   ti_sysbios_BIOS_nullFunc__I
000079b4   ti_sysbios_BIOS_setThreadType__E
00007834   ti_sysbios_BIOS_startFunc__I
00007b1c   ti_sysbios_BIOS_start__E
0000569a   ti_sysbios_family_msp430_Hwi41
0000569c   ti_sysbios_family_msp430_Hwi42
0000569e   ti_sysbios_family_msp430_Hwi43
000056a0   ti_sysbios_family_msp430_Hwi44
000056a2   ti_sysbios_family_msp430_Hwi45
000056a4   ti_sysbios_family_msp430_Hwi46
000056a6   ti_sysbios_family_msp430_Hwi47
000056a8   ti_sysbios_family_msp430_Hwi48
0000567e   ti_sysbios_family_msp430_Hwi49
000056aa   ti_sysbios_family_msp430_Hwi50
000056ac   ti_sysbios_family_msp430_Hwi51
000056ae   ti_sysbios_family_msp430_Hwi52
0000568c   ti_sysbios_family_msp430_Hwi53
000056b0   ti_sysbios_family_msp430_Hwi54
000056b2   ti_sysbios_family_msp430_Hwi55
000056b4   ti_sysbios_family_msp430_Hwi56
000056b6   ti_sysbios_family_msp430_Hwi57
000056b8   ti_sysbios_family_msp430_Hwi58
000056ba   ti_sysbios_family_msp430_Hwi59
000056bc   ti_sysbios_family_msp430_Hwi60
000056be   ti_sysbios_family_msp430_Hwi61
000056c0   ti_sysbios_family_msp430_Hwi62
000077dc   ti_sysbios_family_msp430_Hwi_Module__startupDone__F
000077dc   ti_sysbios_family_msp430_Hwi_Module__startupDone__S
0000269c   ti_sysbios_family_msp430_Hwi_Module__state__V
00006984   ti_sysbios_family_msp430_Hwi_Module_startup__E
00006984   ti_sysbios_family_msp430_Hwi_Module_startup__F
00005626   ti_sysbios_family_msp430_Hwi_Object__count__C
00007660   ti_sysbios_family_msp430_Hwi_Object__get__S
000027a6   ti_sysbios_family_msp430_Hwi_Object__table__V
00006e18   ti_sysbios_family_msp430_Hwi_getStackInfo__E
00005564   ti_sysbios_family_msp430_Hwi_hooks__C
00006c5e   ti_sysbios_family_msp430_Hwi_postInit__I
00007abe   ti_sysbios_family_msp430_Hwi_startup__E
000027c2   ti_sysbios_family_msp430_Timer_Module_State_0_device__A
000027da   ti_sysbios_family_msp430_Timer_Module_State_0_handles__A
00007850   ti_sysbios_family_msp430_Timer_Module__startupDone__F
00007850   ti_sysbios_family_msp430_Timer_Module__startupDone__S
000026a4   ti_sysbios_family_msp430_Timer_Module__state__V
00007154   ti_sysbios_family_msp430_Timer_Module_startup__E
00007154   ti_sysbios_family_msp430_Timer_Module_startup__F
00002722   ti_sysbios_family_msp430_Timer_Object__table__V
000071d8   ti_sysbios_family_msp430_Timer_getCount__E
000066ec   ti_sysbios_family_msp430_Timer_getExpiredCounts__E
00006fa6   ti_sysbios_family_msp430_Timer_initDevice__I
00005628   ti_sysbios_family_msp430_Timer_numTimerDevices__C
00007218   ti_sysbios_family_msp430_Timer_periodicStub__E
00007218   ti_sysbios_family_msp430_Timer_periodicStub__F
00007576   ti_sysbios_family_msp430_Timer_postInit__I
00006e6c   ti_sysbios_family_msp430_Timer_start__E
0000562a   ti_sysbios_family_msp430_Timer_startupNeeded__C
00007086   ti_sysbios_family_msp430_Timer_startup__E
000075a6   ti_sysbios_family_msp430_Timer_stop__E
00005586   ti_sysbios_family_msp430_TimestampProvider_Module__diagsEnabled__C
0000558a   ti_sysbios_family_msp430_TimestampProvider_Module__diagsIncluded__C
0000558e   ti_sysbios_family_msp430_TimestampProvider_Module__diagsMask__C
0000562c   ti_sysbios_family_msp430_TimestampProvider_Module__id__C
000026ae   ti_sysbios_family_msp430_TimestampProvider_Module__state__V
00006774   ti_sysbios_family_msp430_TimestampProvider_Module_startup__E
00006774   ti_sysbios_family_msp430_TimestampProvider_Module_startup__F
00006bfe   ti_sysbios_family_msp430_TimestampProvider_get32__E
000078a4   ti_sysbios_family_msp430_TimestampProvider_get64__E
00007a40   ti_sysbios_family_msp430_TimestampProvider_rolloverFunc__E
00007a40   ti_sysbios_family_msp430_TimestampProvider_rolloverFunc__F
0000797e   ti_sysbios_family_msp430_TimestampProvider_startTimer__E
0000797e   ti_sysbios_family_msp430_TimestampProvider_startTimer__F
0000562e   ti_sysbios_family_msp430_TimestampProvider_useClockTimer__C
000054fe   ti_sysbios_gates_GateHwi_Module__FXNS__C
00002822   ti_sysbios_gates_GateHwi_Object__table__V
00007aa4   ti_sysbios_gates_GateHwi_enter__E
000079c4   ti_sysbios_gates_GateHwi_leave__E
00007b20   ti_sysbios_gates_GateHwi_query__E
00007b20   ti_sysbios_gates_GateHwi_query__F
00005592   ti_sysbios_hal_Hwi_E_stackOverflow__C
00007b24   ti_sysbios_hal_Hwi_HwiProxy_Module__startupDone__S
00006e18   ti_sysbios_hal_Hwi_HwiProxy_getStackInfo__E
00007abe   ti_sysbios_hal_Hwi_HwiProxy_startup__E
00005630   ti_sysbios_hal_Hwi_Module__id__C
000079d4   ti_sysbios_hal_Hwi_Module_startup__E
000079d4   ti_sysbios_hal_Hwi_Module_startup__F
0000703e   ti_sysbios_hal_Hwi_checkStack
00006e18   ti_sysbios_hal_Hwi_getStackInfo__E
00007354   ti_sysbios_hal_Hwi_initStack
00007abe   ti_sysbios_hal_Hwi_startup__E
000077fa   ti_sysbios_hal_Timer_Module__startupDone__F
000077fa   ti_sysbios_hal_Timer_Module__startupDone__S
000079e4   ti_sysbios_hal_Timer_Module_startup__E
000079e4   ti_sysbios_hal_Timer_Module_startup__F
00007b28   ti_sysbios_hal_Timer_TimerProxy_Module__startupDone__S
00007086   ti_sysbios_hal_Timer_TimerProxy_startup__E
00007086   ti_sysbios_hal_Timer_startup__E
000026b6   ti_sysbios_knl_Clock_Module__state__V
000079f4   ti_sysbios_knl_Clock_Module_startup__E
000079f4   ti_sysbios_knl_Clock_Module_startup__F
00005596   ti_sysbios_knl_Idle_coreList__A
0000556a   ti_sysbios_knl_Idle_coreList__C
0000554e   ti_sysbios_knl_Idle_funcList__A
00005570   ti_sysbios_knl_Idle_funcList__C
00007390   ti_sysbios_knl_Idle_loop__E
00002812   ti_sysbios_knl_Swi_Module_State_0_readyQ__A
000026d8   ti_sysbios_knl_Swi_Module__state__V
00007b2c   ti_sysbios_knl_Swi_Module_startup__E
00007b2c   ti_sysbios_knl_Swi_Module_startup__F
0000281c   tickCount
0000559a   xdc_runtime_Assert_E_assertFailed__C
00006a6c   xdc_runtime_Assert_raise__I
0000559e   xdc_runtime_Error_E_memory__C
000055a2   xdc_runtime_Error_Module__diagsEnabled__C
000055a6   xdc_runtime_Error_Module__diagsIncluded__C
000055aa   xdc_runtime_Error_Module__diagsMask__C
00005632   xdc_runtime_Error_Module__loggerDefined__C
000055ae   xdc_runtime_Error_Module__loggerFxn8__C
000055b2   xdc_runtime_Error_Module__loggerObj__C
000026ee   xdc_runtime_Error_Module__state__V
000077bc   xdc_runtime_Error_check__E
000077bc   xdc_runtime_Error_check__F
00007b06   xdc_runtime_Error_getSite__E
00007b06   xdc_runtime_Error_getSite__F
00007a04   xdc_runtime_Error_init__E
00007a04   xdc_runtime_Error_init__F
00005634   xdc_runtime_Error_maxDepth__C
00005636   xdc_runtime_Error_policy__C
0000665a   xdc_runtime_Error_print__E
0000665a   xdc_runtime_Error_print__F
000055b6   xdc_runtime_Error_raiseHook__C
00005db2   xdc_runtime_Error_raiseX__E
00005db2   xdc_runtime_Error_raiseX__F
00007ac6   xdc_runtime_Gate_enterSystem__E
00007ac6   xdc_runtime_Gate_enterSystem__F
00007a74   xdc_runtime_Gate_leaveSystem__E
00007a74   xdc_runtime_Gate_leaveSystem__F
000055ba   xdc_runtime_HeapMin_E_freeError__C
00002650   xdc_runtime_HeapMin_Instance_State_0_buf__A
000054d8   xdc_runtime_HeapMin_Module__FXNS__C
00005638   xdc_runtime_HeapMin_Module__id__C
000027ea   xdc_runtime_HeapMin_Object__table__V
00006ad4   xdc_runtime_HeapMin_alloc__E
00006ad4   xdc_runtime_HeapMin_alloc__F
0000563a   xdc_runtime_HeapMin_freeError__C
00007258   xdc_runtime_HeapMin_free__E
00007258   xdc_runtime_HeapMin_free__F
00007708   xdc_runtime_HeapMin_getStats__E
00007708   xdc_runtime_HeapMin_getStats__F
00007b30   xdc_runtime_HeapMin_isBlocking__E
00007b30   xdc_runtime_HeapMin_isBlocking__F
000055be   xdc_runtime_IFilterLogger_Interface__BASE__C
000055c2   xdc_runtime_IGateProvider_Interface__BASE__C
000055c6   xdc_runtime_IHeap_Interface__BASE__C
000055ca   xdc_runtime_ILogger_Interface__BASE__C
000055ce   xdc_runtime_IModule_Interface__BASE__C
000055d2   xdc_runtime_Log_L_error__C
000055d6   xdc_runtime_Log_L_info__C
000055da   xdc_runtime_LoggerBuf_E_badLevel__C
00002400   xdc_runtime_LoggerBuf_Instance_State_0_entryArr__A
00007b34   xdc_runtime_LoggerBuf_Module_GateProxy_enter__E
00007b38   xdc_runtime_LoggerBuf_Module_GateProxy_leave__E
00007b20   xdc_runtime_LoggerBuf_Module_GateProxy_query__E
00005422   xdc_runtime_LoggerBuf_Module__FXNS__C
000055de   xdc_runtime_LoggerBuf_Module__gateObj__C
0000563c   xdc_runtime_LoggerBuf_Module__id__C
000026f0   xdc_runtime_LoggerBuf_Module__state__V
0000768a   xdc_runtime_LoggerBuf_Module_startup__E
0000768a   xdc_runtime_LoggerBuf_Module_startup__F
0000563e   xdc_runtime_LoggerBuf_Object__count__C
000076b4   xdc_runtime_LoggerBuf_Object__get__S
00002782   xdc_runtime_LoggerBuf_Object__table__V
00006bfe   xdc_runtime_LoggerBuf_TimestampProxy_get32__E
000078a4   xdc_runtime_LoggerBuf_TimestampProxy_get64__E
00007a80   xdc_runtime_LoggerBuf_disable__E
00007a80   xdc_runtime_LoggerBuf_disable__F
00007a8c   xdc_runtime_LoggerBuf_enable__E
00007a8c   xdc_runtime_LoggerBuf_enable__F
00005640   xdc_runtime_LoggerBuf_filterByLevel__C
000070cc   xdc_runtime_LoggerBuf_filterOutEvent__I
00006484   xdc_runtime_LoggerBuf_getFilterLevel__E
00006484   xdc_runtime_LoggerBuf_getFilterLevel__F
000075d6   xdc_runtime_LoggerBuf_reset__E
000075d6   xdc_runtime_LoggerBuf_reset__F
0000632c   xdc_runtime_LoggerBuf_setFilterLevel__E
0000632c   xdc_runtime_LoggerBuf_setFilterLevel__F
000055e2   xdc_runtime_LoggerBuf_statusLogger__C
0000772e   xdc_runtime_LoggerBuf_write0__E
0000772e   xdc_runtime_LoggerBuf_write0__F
00007634   xdc_runtime_LoggerBuf_write1__E
00007634   xdc_runtime_LoggerBuf_write1__F
00007476   xdc_runtime_LoggerBuf_write2__E
00007476   xdc_runtime_LoggerBuf_write2__F
00005f38   xdc_runtime_LoggerBuf_write4__E
00005f38   xdc_runtime_LoggerBuf_write4__F
00005b80   xdc_runtime_LoggerBuf_write8__E
00005b80   xdc_runtime_LoggerBuf_write8__F
00007b20   xdc_runtime_Main_Module_GateProxy_query__E
000055e6   xdc_runtime_Main_Module__diagsEnabled__C
000055ea   xdc_runtime_Main_Module__diagsIncluded__C
000055ee   xdc_runtime_Main_Module__diagsMask__C
00005642   xdc_runtime_Main_Module__id__C
00005644   xdc_runtime_Main_Module__loggerDefined__C
000055f2   xdc_runtime_Main_Module__loggerFxn4__C
000055f6   xdc_runtime_Main_Module__loggerObj__C
00007b3c   xdc_runtime_Memory_HeapProxy_alloc__E
00007b40   xdc_runtime_Memory_HeapProxy_free__E
00005646   xdc_runtime_Memory_Module__id__C
000026f6   xdc_runtime_Memory_Module__state__V
00006904   xdc_runtime_Memory_alloc__E
00006904   xdc_runtime_Memory_alloc__F
000055fa   xdc_runtime_Memory_defaultHeapInstance__C
00007a98   xdc_runtime_Memory_free__E
00007a98   xdc_runtime_Memory_free__F
00007ade   xdc_runtime_Memory_getMaxDefaultTypeAlign__E
00007ade   xdc_runtime_Memory_getMaxDefaultTypeAlign__F
000026f8   xdc_runtime_Registry_Module__state__V
0000786c   xdc_runtime_Registry_findById__E
0000786c   xdc_runtime_Registry_findById__F
000026fe   xdc_runtime_Startup_Module__state__V
00000001   xdc_runtime_Startup__EXECFXN__C
00000001   xdc_runtime_Startup__RESETFXN__C
000055fe   xdc_runtime_Startup_execImpl__C
00006ebc   xdc_runtime_Startup_exec__E
00006ebc   xdc_runtime_Startup_exec__F
00007944   xdc_runtime_Startup_exec__I
00005602   xdc_runtime_Startup_firstFxns__A
00005576   xdc_runtime_Startup_firstFxns__C
00005556   xdc_runtime_Startup_lastFxns__A
0000557c   xdc_runtime_Startup_lastFxns__C
00005648   xdc_runtime_Startup_maxPasses__C
00007b44   xdc_runtime_Startup_reset__I
00005520   xdc_runtime_Startup_sfxnRts__A
00005606   xdc_runtime_Startup_sfxnRts__C
000054b0   xdc_runtime_Startup_sfxnTab__A
0000560a   xdc_runtime_Startup_sfxnTab__C
000061b8   xdc_runtime_Startup_startMods__I
00002600   xdc_runtime_SysMin_Module_State_0_outbuf__A
00002706   xdc_runtime_SysMin_Module__state__V
00007888   xdc_runtime_SysMin_Module_startup__E
00007888   xdc_runtime_SysMin_Module_startup__F
000074ac   xdc_runtime_SysMin_abort__E
000074ac   xdc_runtime_SysMin_abort__F
0000564a   xdc_runtime_SysMin_bufSize__C
00007904   xdc_runtime_SysMin_exit__E
00007904   xdc_runtime_SysMin_exit__F
0000564c   xdc_runtime_SysMin_flushAtExit__C
00006dc2   xdc_runtime_SysMin_flush__E
00006dc2   xdc_runtime_SysMin_flush__F
0000560e   xdc_runtime_SysMin_outputFunc__C
000076de   xdc_runtime_SysMin_output__I
00006ff2   xdc_runtime_SysMin_putch__E
00006ff2   xdc_runtime_SysMin_putch__F
00007a4e   xdc_runtime_SysMin_ready__E
00007a4e   xdc_runtime_SysMin_ready__F
00007b48   xdc_runtime_System_Module_GateProxy_enter__E
00007b4c   xdc_runtime_System_Module_GateProxy_leave__E
00007b20   xdc_runtime_System_Module_GateProxy_query__E
000027fa   xdc_runtime_System_Module_State_0_atexitHandlers__A
00005612   xdc_runtime_System_Module__gateObj__C
0000270e   xdc_runtime_System_Module__state__V
00007b50   xdc_runtime_System_Module_startup__E
00007b50   xdc_runtime_System_Module_startup__F
000074ac   xdc_runtime_System_SupportProxy_abort__E
00007904   xdc_runtime_System_SupportProxy_exit__E
00006dc2   xdc_runtime_System_SupportProxy_flush__E
00006ff2   xdc_runtime_System_SupportProxy_putch__E
00007a4e   xdc_runtime_System_SupportProxy_ready__E
0000791a   xdc_runtime_System_abort__E
0000791a   xdc_runtime_System_abort__F
00007990   xdc_runtime_System_aprintf__E
00007b54   xdc_runtime_System_aprintf_va__E
00007b54   xdc_runtime_System_aprintf_va__F
000073cc   xdc_runtime_System_atexit__E
000073cc   xdc_runtime_System_atexit__F
00007512   xdc_runtime_System_avprintf__E
00007512   xdc_runtime_System_avprintf__F
000056c2   xdc_runtime_System_doPrint__I
00005616   xdc_runtime_System_extendFxn__C
00006dc2   xdc_runtime_System_flush__E
00006dc2   xdc_runtime_System_flush__F
000065c4   xdc_runtime_System_formatNum__I
00007ae6   xdc_runtime_System_lastFxn__I
0000564e   xdc_runtime_System_maxAtexitHandlers__C
00006092   xdc_runtime_System_printfExtend__I
000079a2   xdc_runtime_System_printf__E
00007b58   xdc_runtime_System_printf_va__E
00007b58   xdc_runtime_System_printf_va__F
00007406   xdc_runtime_System_putchar__I
00007298   xdc_runtime_System_rtsExit__I
00007544   xdc_runtime_System_vprintf__E
00007544   xdc_runtime_System_vprintf__F
000078be   xdc_runtime_System_vsnprintf__E
000078be   xdc_runtime_System_vsnprintf__F
00002716   xdc_runtime_Text_Module__state__V
00004400   xdc_runtime_Text_charTab__A
0000561a   xdc_runtime_Text_charTab__C
00005650   xdc_runtime_Text_isLoaded__C
000052ea   xdc_runtime_Text_nodeTab__A
0000561e   xdc_runtime_Text_nodeTab__C
000072d8   xdc_runtime_Text_printVisFxn__I
00006882   xdc_runtime_Text_putLab__E
00006882   xdc_runtime_Text_putLab__F
000067fc   xdc_runtime_Text_putMod__E
000067fc   xdc_runtime_Text_putMod__F
00006274   xdc_runtime_Text_putSite__E
00006274   xdc_runtime_Text_putSite__F
00005652   xdc_runtime_Text_registryModsLastId__C
00007958   xdc_runtime_Text_ropeText__E
00007958   xdc_runtime_Text_ropeText__F
00005654   xdc_runtime_Text_unnamedModsLastId__C
00006cba   xdc_runtime_Text_visitRope2__I
00005622   xdc_runtime_Text_visitRopeFxn__C
00007a14   xdc_runtime_Text_visitRope__I
00007196   xdc_runtime_Text_xprintf__I


GLOBAL SYMBOLS: SORTED BY Symbol Address 

address    name
--------   ----
00000000   __ASM__
00000001   __TI_args_main
00000001   __TI_exit
00000001   xdc_runtime_Startup__EXECFXN__C
00000001   xdc_runtime_Startup__RESETFXN__C
00000078   __ISA__
0000008c   __PLAT__
000000b0   __TARG__
000000de   __TRDR__
00000100   SFRIE1
00000100   SFRIE1_L
00000101   SFRIE1_H
00000102   SFRIFG1
00000102   SFRIFG1_L
00000103   SFRIFG1_H
00000104   SFRRPCR
00000104   SFRRPCR_L
00000105   SFRRPCR_H
00000120   PMMCTL0
00000120   PMMCTL0_L
00000121   PMMCTL0_H
00000122   PMMCTL1
00000122   PMMCTL1_L
00000123   PMMCTL1_H
00000124   SVSMHCTL
00000124   SVSMHCTL_L
00000125   SVSMHCTL_H
00000126   SVSMLCTL
00000126   SVSMLCTL_L
00000127   SVSMLCTL_H
00000128   SVSMIO
00000128   SVSMIO_L
00000129   SVSMIO_H
0000012c   PMMIFG
0000012c   PMMIFG_L
0000012d   PMMIFG_H
0000012e   PMMRIE
0000012e   PMMRIE_L
0000012f   PMMRIE_H
00000130   PM5CTL0
00000130   PM5CTL0_L
00000131   PM5CTL0_H
00000140   FCTL1
00000140   FCTL1_L
00000141   FCTL1_H
00000144   FCTL3
00000144   FCTL3_L
00000145   FCTL3_H
00000146   FCTL4
00000146   FCTL4_L
00000147   FCTL4_H
00000150   CRCDI
00000150   CRCDI_L
00000151   CRCDI_H
00000152   CRCDIRB
00000152   CRCDIRB_L
00000153   CRCDIRB_H
00000154   CRCINIRES
00000154   CRCINIRES_L
00000155   CRCINIRES_H
00000156   CRCRESR
00000156   CRCRESR_L
00000157   CRCRESR_H
00000158   RCCTL0
00000158   RCCTL0_L
00000159   RCCTL0_H
0000015c   WDTCTL
0000015c   WDTCTL_L
0000015d   WDTCTL_H
00000160   UCSCTL0
00000160   UCSCTL0_L
00000161   UCSCTL0_H
00000162   UCSCTL1
00000162   UCSCTL1_L
00000163   UCSCTL1_H
00000164   UCSCTL2
00000164   UCSCTL2_L
00000165   UCSCTL2_H
00000166   UCSCTL3
00000166   UCSCTL3_L
00000167   UCSCTL3_H
00000168   UCSCTL4
00000168   UCSCTL4_L
00000169   UCSCTL4_H
0000016a   UCSCTL5
0000016a   UCSCTL5_L
0000016b   UCSCTL5_H
0000016c   UCSCTL6
0000016c   UCSCTL6_L
0000016d   UCSCTL6_H
0000016e   UCSCTL7
0000016e   UCSCTL7_L
0000016f   UCSCTL7_H
00000170   UCSCTL8
00000170   UCSCTL8_L
00000171   UCSCTL8_H
00000180   SYSCTL
00000180   SYSCTL_L
00000181   SYSCTL_H
00000182   SYSBSLC
00000182   SYSBSLC_L
00000183   SYSBSLC_H
00000186   SYSJMBC
00000186   SYSJMBC_L
00000187   SYSJMBC_H
00000188   SYSJMBI0
00000188   SYSJMBI0_L
00000189   SYSJMBI0_H
0000018a   SYSJMBI1
0000018a   SYSJMBI1_L
0000018b   SYSJMBI1_H
0000018c   SYSJMBO0
0000018c   SYSJMBO0_L
0000018d   SYSJMBO0_H
0000018e   SYSJMBO1
0000018e   SYSJMBO1_L
0000018f   SYSJMBO1_H
00000198   SYSBERRIV
00000198   SYSBERRIV_L
00000199   SYSBERRIV_H
0000019a   SYSUNIV
0000019a   SYSUNIV_L
0000019b   SYSUNIV_H
0000019c   SYSSNIV
0000019c   SYSSNIV_L
0000019d   SYSSNIV_H
0000019e   SYSRSTIV
0000019e   SYSRSTIV_L
0000019f   SYSRSTIV_H
000001b0   REFCTL0
000001b0   REFCTL0_L
000001b1   REFCTL0_H
000001c0   PMAPKEYID
000001c0   PMAPKEYID_L
000001c1   PMAPKEYID_H
000001c2   PMAPCTL
000001c2   PMAPCTL_L
000001c3   PMAPCTL_H
000001e0   P4MAP01
000001e0   P4MAP01_L
000001e1   P4MAP01_H
000001e2   P4MAP23
000001e2   P4MAP23_L
000001e3   P4MAP23_H
000001e4   P4MAP45
000001e4   P4MAP45_L
000001e5   P4MAP45_H
000001e6   P4MAP67
000001e6   P4MAP67_L
000001e7   P4MAP67_H
00000200   PAIN
00000200   PAIN_L
00000200   __STACK_SIZE
00000201   PAIN_H
00000202   PAOUT
00000202   PAOUT_L
00000203   PAOUT_H
00000204   PADIR
00000204   PADIR_L
00000205   PADIR_H
00000206   PAREN
00000206   PAREN_L
00000207   PAREN_H
00000208   PADS
00000208   PADS_L
00000209   PADS_H
0000020a   PASEL
0000020a   PASEL_L
0000020b   PASEL_H
0000020e   P1IV
00000218   PAIES
00000218   PAIES_L
00000219   PAIES_H
0000021a   PAIE
0000021a   PAIE_L
0000021b   PAIE_H
0000021c   PAIFG
0000021c   PAIFG_L
0000021d   PAIFG_H
0000021e   P2IV
00000220   PBIN
00000220   PBIN_L
00000221   PBIN_H
00000222   PBOUT
00000222   PBOUT_L
00000223   PBOUT_H
00000224   PBDIR
00000224   PBDIR_L
00000225   PBDIR_H
00000226   PBREN
00000226   PBREN_L
00000227   PBREN_H
00000228   PBDS
00000228   PBDS_L
00000229   PBDS_H
0000022a   PBSEL
0000022a   PBSEL_L
0000022b   PBSEL_H
00000240   PCIN
00000240   PCIN_L
00000241   PCIN_H
00000242   PCOUT
00000242   PCOUT_L
00000243   PCOUT_H
00000244   PCDIR
00000244   PCDIR_L
00000245   PCDIR_H
00000246   PCREN
00000246   PCREN_L
00000247   PCREN_H
00000248   PCDS
00000248   PCDS_L
00000249   PCDS_H
0000024a   PCSEL
0000024a   PCSEL_L
0000024b   PCSEL_H
00000260   PDIN
00000260   PDIN_L
00000261   PDIN_H
00000262   PDOUT
00000262   PDOUT_L
00000263   PDOUT_H
00000264   PDDIR
00000264   PDDIR_L
00000265   PDDIR_H
00000266   PDREN
00000266   PDREN_L
00000267   PDREN_H
00000268   PDDS
00000268   PDDS_L
00000269   PDDS_H
0000026a   PDSEL
0000026a   PDSEL_L
0000026b   PDSEL_H
00000320   PJIN
00000320   PJIN_L
00000321   PJIN_H
00000322   PJOUT
00000322   PJOUT_L
00000323   PJOUT_H
00000324   PJDIR
00000324   PJDIR_L
00000325   PJDIR_H
00000326   PJREN
00000326   PJREN_L
00000327   PJREN_H
00000328   PJDS
00000328   PJDS_L
00000329   PJDS_H
00000340   TA0CTL
00000342   TA0CCTL0
00000344   TA0CCTL1
00000346   TA0CCTL2
00000348   TA0CCTL3
0000034a   TA0CCTL4
00000350   TA0R
00000352   TA0CCR0
00000354   TA0CCR1
00000356   TA0CCR2
00000358   TA0CCR3
0000035a   TA0CCR4
00000360   TA0EX0
0000036e   TA0IV
00000380   TA1CTL
00000382   TA1CCTL0
00000384   TA1CCTL1
00000386   TA1CCTL2
00000390   TA1R
00000392   TA1CCR0
00000394   TA1CCR1
00000396   TA1CCR2
000003a0   TA1EX0
000003ae   TA1IV
000003c0   TB0CTL
000003c2   TB0CCTL0
000003c4   TB0CCTL1
000003c6   TB0CCTL2
000003c8   TB0CCTL3
000003ca   TB0CCTL4
[...]
000008cc   CBINT_L
000008cd   CBINT_H
000008ce   CBIV
00000900   USBKEYID
00000900   USBKEYID_L
00000901   USBKEYID_H
00000902   USBCNF
00000902   USBCNF_L
00000903   USBCNF_H
00000904   USBPHYCTL
00000904   USBPHYCTL_L
00000905   USBPHYCTL_H
00000908   USBPWRCTL
00000908   USBPWRCTL_L
00000909   USBPWRCTL_H
00000910   USBPLLCTL
00000910   USBPLLCTL_L
00000911   USBPLLCTL_H
00000912   USBPLLDIVB
00000912   USBPLLDIVB_L
00000913   USBPLLDIVB_H
00000914   USBPLLIR
00000914   USBPLLIR_L
00000915   USBPLLIR_H
00000920   USBIEPCNF_0
00000921   USBIEPCNT_0
00000922   USBOEPCNF_0
00000923   USBOEPCNT_0
0000092e   USBIEPIE
0000092f   USBOEPIE
00000930   USBIEPIFG
00000931   USBOEPIFG
00000932   USBVECINT
00000932   USBVECINT_L
00000933   USBVECINT_H
00000936   USBMAINT
00000936   USBMAINT_L
00000937   USBMAINT_H
00000938   USBTSREG
00000938   USBTSREG_L
00000939   USBTSREG_H
0000093a   USBFN
0000093a   USBFN_L
0000093b   USBFN_H
0000093c   USBCTL
0000093d   USBIE
0000093e   USBIFG
0000093f   USBFUNADR
00001c00   USBSTABUFF
0000236f   USBTOPBUFF
00002370   USBOEP0BUF
00002378   USBIEP0BUF
00002380   USBSUBLK
00002388   USBOEPCNF_1
00002389   USBOEPBBAX_1
0000238a   USBOEPBCTX_1
0000238d   USBOEPBBAY_1
0000238e   USBOEPBCTY_1
0000238f   USBOEPSIZXY_1
00002390   USBOEPCNF_2
00002391   USBOEPBBAX_2
00002392   USBOEPBCTX_2
00002395   USBOEPBBAY_2
00002396   USBOEPBCTY_2
00002397   USBOEPSIZXY_2
00002398   USBOEPCNF_3
00002399   USBOEPBBAX_3
0000239a   USBOEPBCTX_3
0000239d   USBOEPBBAY_3
0000239e   USBOEPBCTY_3
0000239f   USBOEPSIZXY_3
000023a0   USBOEPCNF_4
000023a1   USBOEPBBAX_4
000023a2   USBOEPBCTX_4
000023a5   USBOEPBBAY_4
000023a6   USBOEPBCTY_4
000023a7   USBOEPSIZXY_4
000023a8   USBOEPCNF_5
000023a9   USBOEPBBAX_5
000023aa   USBOEPBCTX_5
000023ad   USBOEPBBAY_5
000023ae   USBOEPBCTY_5
000023af   USBOEPSIZXY_5
000023b0   USBOEPCNF_6
000023b1   USBOEPBBAX_6
000023b2   USBOEPBCTX_6
000023b5   USBOEPBBAY_6
000023b6   USBOEPBCTY_6
000023b7   USBOEPSIZXY_6
000023b8   USBOEPCNF_7
000023b9   USBOEPBBAX_7
000023ba   USBOEPBCTX_7
000023bd   USBOEPBBAY_7
000023be   USBOEPBCTY_7
000023bf   USBOEPSIZXY_7
000023c8   USBIEPCNF_1
000023c9   USBIEPBBAX_1
000023ca   USBIEPBCTX_1
000023cd   USBIEPBBAY_1
000023ce   USBIEPBCTY_1
000023cf   USBIEPSIZXY_1
000023d0   USBIEPCNF_2
000023d1   USBIEPBBAX_2
000023d2   USBIEPBCTX_2
000023d5   USBIEPBBAY_2
000023d6   USBIEPBCTY_2
000023d7   USBIEPSIZXY_2
000023d8   USBIEPCNF_3
000023d9   USBIEPBBAX_3
000023da   USBIEPBCTX_3
000023dd   USBIEPBBAY_3
000023de   USBIEPBCTY_3
000023df   USBIEPSIZXY_3
000023e0   USBIEPCNF_4
000023e1   USBIEPBBAX_4
000023e2   USBIEPBCTX_4
000023e5   USBIEPBBAY_4
000023e6   USBIEPBCTY_4
000023e7   USBIEPSIZXY_4
000023e8   USBIEPCNF_5
000023e9   USBIEPBBAX_5
000023ea   USBIEPBCTX_5
000023ed   USBIEPBBAY_5
000023ee   USBIEPBCTY_5
000023ef   USBIEPSIZXY_5
000023f0   USBIEPCNF_6
000023f1   USBIEPBBAX_6
000023f2   USBIEPBCTX_6
000023f5   USBIEPBBAY_6
000023f6   USBIEPBCTY_6
000023f7   USBIEPSIZXY_6
000023f8   USBIEPCNF_7
000023f9   USBIEPBBAX_7
000023fa   USBIEPBCTX_7
000023fd   USBIEPBBAY_7
000023fe   USBIEPBCTY_7
000023ff   USBIEPSIZXY_7
00002400   xdc_runtime_LoggerBuf_Instance_State_0_entryArr__A
00002600   xdc_runtime_SysMin_Module_State_0_outbuf__A
00002650   xdc_runtime_HeapMin_Instance_State_0_buf__A
00002670   _cleanup_ptr
00002674   _dtors_ptr
00002680   ti_sysbios_BIOS_Module__state__V
0000269c   ti_sysbios_family_msp430_Hwi_Module__state__V
000026a4   ti_sysbios_family_msp430_Timer_Module__state__V
000026ae   ti_sysbios_family_msp430_TimestampProvider_Module__state__V
000026b6   ti_sysbios_knl_Clock_Module__state__V
000026d8   ti_sysbios_knl_Swi_Module__state__V
000026ee   xdc_runtime_Error_Module__state__V
000026f0   xdc_runtime_LoggerBuf_Module__state__V
000026f6   xdc_runtime_Memory_Module__state__V
000026f8   xdc_runtime_Registry_Module__state__V
000026fe   xdc_runtime_Startup_Module__state__V
00002706   xdc_runtime_SysMin_Module__state__V
0000270e   xdc_runtime_System_Module__state__V
00002716   xdc_runtime_Text_Module__state__V
0000271e   __xdc__init__addr
00002722   ti_sysbios_family_msp430_Timer_Object__table__V
00002782   xdc_runtime_LoggerBuf_Object__table__V
000027a6   ti_sysbios_family_msp430_Hwi_Object__table__V
000027c2   ti_sysbios_family_msp430_Timer_Module_State_0_device__A
000027da   ti_sysbios_family_msp430_Timer_Module_State_0_handles__A
000027ea   xdc_runtime_HeapMin_Object__table__V
000027fa   xdc_runtime_System_Module_State_0_atexitHandlers__A
0000280a   _lock
0000280e   _unlock
00002812   ti_sysbios_knl_Swi_Module_State_0_readyQ__A
0000281a   isrFlag
0000281c   tickCount
00002822   ti_sysbios_gates_GateHwi_Object__table__V
00002826   _CIOBUF_
00004200   _stack
00004400   __STACK_END
00004400   xdc_runtime_Text_charTab__A
000052ea   xdc_runtime_Text_nodeTab__A
00005422   xdc_runtime_LoggerBuf_Module__FXNS__C
000054b0   xdc_runtime_Startup_sfxnTab__A
000054d8   xdc_runtime_HeapMin_Module__FXNS__C
000054fe   ti_sysbios_gates_GateHwi_Module__FXNS__C
00005520   xdc_runtime_Startup_sfxnRts__A
0000554e   ti_sysbios_knl_Idle_funcList__A
00005556   xdc_runtime_Startup_lastFxns__A
00005564   ti_sysbios_family_msp430_Hwi_hooks__C
0000556a   ti_sysbios_knl_Idle_coreList__C
00005570   ti_sysbios_knl_Idle_funcList__C
00005576   xdc_runtime_Startup_firstFxns__C
0000557c   xdc_runtime_Startup_lastFxns__C
00005582   ti_sysbios_BIOS_installedErrorHook__C
00005586   ti_sysbios_family_msp430_TimestampProvider_Module__diagsEnabled__C
0000558a   ti_sysbios_family_msp430_TimestampProvider_Module__diagsIncluded__C
0000558e   ti_sysbios_family_msp430_TimestampProvider_Module__diagsMask__C
00005592   ti_sysbios_hal_Hwi_E_stackOverflow__C
00005596   ti_sysbios_knl_Idle_coreList__A
0000559a   xdc_runtime_Assert_E_assertFailed__C
0000559e   xdc_runtime_Error_E_memory__C
000055a2   xdc_runtime_Error_Module__diagsEnabled__C
000055a6   xdc_runtime_Error_Module__diagsIncluded__C
000055aa   xdc_runtime_Error_Module__diagsMask__C
000055ae   xdc_runtime_Error_Module__loggerFxn8__C
000055b2   xdc_runtime_Error_Module__loggerObj__C
000055b6   xdc_runtime_Error_raiseHook__C
000055ba   xdc_runtime_HeapMin_E_freeError__C
000055be   xdc_runtime_IFilterLogger_Interface__BASE__C
000055c2   xdc_runtime_IGateProvider_Interface__BASE__C
000055c6   xdc_runtime_IHeap_Interface__BASE__C
000055ca   xdc_runtime_ILogger_Interface__BASE__C
000055ce   xdc_runtime_IModule_Interface__BASE__C
000055d2   xdc_runtime_Log_L_error__C
000055d6   xdc_runtime_Log_L_info__C
000055da   xdc_runtime_LoggerBuf_E_badLevel__C
000055de   xdc_runtime_LoggerBuf_Module__gateObj__C
000055e2   xdc_runtime_LoggerBuf_statusLogger__C
000055e6   xdc_runtime_Main_Module__diagsEnabled__C
000055ea   xdc_runtime_Main_Module__diagsIncluded__C
000055ee   xdc_runtime_Main_Module__diagsMask__C
000055f2   xdc_runtime_Main_Module__loggerFxn4__C
000055f6   xdc_runtime_Main_Module__loggerObj__C
000055fa   xdc_runtime_Memory_defaultHeapInstance__C
000055fe   xdc_runtime_Startup_execImpl__C
00005602   xdc_runtime_Startup_firstFxns__A
00005606   xdc_runtime_Startup_sfxnRts__C
0000560a   xdc_runtime_Startup_sfxnTab__C
0000560e   xdc_runtime_SysMin_outputFunc__C
00005612   xdc_runtime_System_Module__gateObj__C
00005616   xdc_runtime_System_extendFxn__C
0000561a   xdc_runtime_Text_charTab__C
0000561e   xdc_runtime_Text_nodeTab__C
00005622   xdc_runtime_Text_visitRopeFxn__C
00005626   ti_sysbios_family_msp430_Hwi_Object__count__C
00005628   ti_sysbios_family_msp430_Timer_numTimerDevices__C
0000562a   ti_sysbios_family_msp430_Timer_startupNeeded__C
0000562c   ti_sysbios_family_msp430_TimestampProvider_Module__id__C
0000562e   ti_sysbios_family_msp430_TimestampProvider_useClockTimer__C
00005630   ti_sysbios_hal_Hwi_Module__id__C
00005632   xdc_runtime_Error_Module__loggerDefined__C
00005634   xdc_runtime_Error_maxDepth__C
00005636   xdc_runtime_Error_policy__C
00005638   xdc_runtime_HeapMin_Module__id__C
0000563a   xdc_runtime_HeapMin_freeError__C
0000563c   xdc_runtime_LoggerBuf_Module__id__C
0000563e   xdc_runtime_LoggerBuf_Object__count__C
00005640   xdc_runtime_LoggerBuf_filterByLevel__C
00005642   xdc_runtime_Main_Module__id__C
00005644   xdc_runtime_Main_Module__loggerDefined__C
00005646   xdc_runtime_Memory_Module__id__C
00005648   xdc_runtime_Startup_maxPasses__C
0000564a   xdc_runtime_SysMin_bufSize__C
0000564c   xdc_runtime_SysMin_flushAtExit__C
0000564e   xdc_runtime_System_maxAtexitHandlers__C
00005650   xdc_runtime_Text_isLoaded__C
00005652   xdc_runtime_Text_registryModsLastId__C
00005654   xdc_runtime_Text_unnamedModsLastId__C
00005656   _c_int00
00005656   _c_int00_noargs
0000567e   ti_sysbios_family_msp430_Hwi49
0000568c   ti_sysbios_family_msp430_Hwi53
0000569a   ti_sysbios_family_msp430_Hwi41
0000569c   ti_sysbios_family_msp430_Hwi42
0000569e   ti_sysbios_family_msp430_Hwi43
000056a0   ti_sysbios_family_msp430_Hwi44
000056a2   ti_sysbios_family_msp430_Hwi45
000056a4   ti_sysbios_family_msp430_Hwi46
000056a6   ti_sysbios_family_msp430_Hwi47
000056a8   ti_sysbios_family_msp430_Hwi48
000056aa   ti_sysbios_family_msp430_Hwi50
000056ac   ti_sysbios_family_msp430_Hwi51
000056ae   ti_sysbios_family_msp430_Hwi52
000056b0   ti_sysbios_family_msp430_Hwi54
000056b2   ti_sysbios_family_msp430_Hwi55
000056b4   ti_sysbios_family_msp430_Hwi56
000056b6   ti_sysbios_family_msp430_Hwi57
000056b8   ti_sysbios_family_msp430_Hwi58
000056ba   ti_sysbios_family_msp430_Hwi59
000056bc   ti_sysbios_family_msp430_Hwi60
000056be   ti_sysbios_family_msp430_Hwi61
000056c0   ti_sysbios_family_msp430_Hwi62
000056c2   xdc_runtime_System_doPrint__I
00005b80   xdc_runtime_LoggerBuf_write8__E
00005b80   xdc_runtime_LoggerBuf_write8__F
00005db2   xdc_runtime_Error_raiseX__E
00005db2   xdc_runtime_Error_raiseX__F
00005f38   xdc_runtime_LoggerBuf_write4__E
00005f38   xdc_runtime_LoggerBuf_write4__F
00006092   xdc_runtime_System_printfExtend__I
000061b8   xdc_runtime_Startup_startMods__I
00006274   xdc_runtime_Text_putSite__E
00006274   xdc_runtime_Text_putSite__F
0000632c   xdc_runtime_LoggerBuf_setFilterLevel__E
0000632c   xdc_runtime_LoggerBuf_setFilterLevel__F
000063dc   myIdleFxn
00006484   xdc_runtime_LoggerBuf_getFilterLevel__E
00006484   xdc_runtime_LoggerBuf_getFilterLevel__F
00006528   main
000065c4   xdc_runtime_System_formatNum__I
0000665a   xdc_runtime_Error_print__E
0000665a   xdc_runtime_Error_print__F
000066ec   ti_sysbios_family_msp430_Timer_getExpiredCounts__E
00006774   ti_sysbios_family_msp430_TimestampProvider_Module_startup__E
00006774   ti_sysbios_family_msp430_TimestampProvider_Module_startup__F
000067fc   xdc_runtime_Text_putMod__E
000067fc   xdc_runtime_Text_putMod__F
00006882   xdc_runtime_Text_putLab__E
00006882   xdc_runtime_Text_putLab__F
00006904   xdc_runtime_Memory_alloc__E
00006904   xdc_runtime_Memory_alloc__F
00006984   ti_sysbios_family_msp430_Hwi_Module_startup__E
00006984   ti_sysbios_family_msp430_Hwi_Module_startup__F
00006a02   HOSTwrite
00006a6c   xdc_runtime_Assert_raise__I
00006ad4   xdc_runtime_HeapMin_alloc__E
00006ad4   xdc_runtime_HeapMin_alloc__F
00006b9e   _auto_init
00006bfe   ti_sysbios_family_msp430_TimestampProvider_get32__E
00006bfe   xdc_runtime_LoggerBuf_TimestampProxy_get32__E
00006c5e   ti_sysbios_family_msp430_Hwi_postInit__I
00006cba   xdc_runtime_Text_visitRope2__I
00006d14   __mspabi_divul
00006d14   __mspabi_remul
00006d6c   __cxa_finalize
00006dc2   xdc_runtime_SysMin_flush__E
00006dc2   xdc_runtime_SysMin_flush__F
00006dc2   xdc_runtime_System_SupportProxy_flush__E
00006dc2   xdc_runtime_System_flush__E
00006dc2   xdc_runtime_System_flush__F
00006e18   ti_sysbios_family_msp430_Hwi_getStackInfo__E
00006e18   ti_sysbios_hal_Hwi_HwiProxy_getStackInfo__E
00006e18   ti_sysbios_hal_Hwi_getStackInfo__E
00006e6c   ti_sysbios_family_msp430_Timer_start__E
00006ebc   xdc_runtime_Startup_exec__E
00006ebc   xdc_runtime_Startup_exec__F
00006f5a   ti_catalog_msp430_init_Boot_configureDCO
00006fa6   ti_sysbios_family_msp430_Timer_initDevice__I
00006ff2   xdc_runtime_SysMin_putch__E
00006ff2   xdc_runtime_SysMin_putch__F
00006ff2   xdc_runtime_System_SupportProxy_putch__E
0000703e   ti_sysbios_hal_Hwi_checkStack
00007086   ti_sysbios_family_msp430_Timer_startup__E
00007086   ti_sysbios_hal_Timer_TimerProxy_startup__E
00007086   ti_sysbios_hal_Timer_startup__E
000070cc   xdc_runtime_LoggerBuf_filterOutEvent__I
00007112   ti_sysbios_BIOS_errorRaiseHook__I
00007154   ti_sysbios_family_msp430_Timer_Module_startup__E
00007154   ti_sysbios_family_msp430_Timer_Module_startup__F
00007196   xdc_runtime_Text_xprintf__I
000071d8   ti_sysbios_family_msp430_Timer_getCount__E
00007218   ti_sysbios_family_msp430_Timer_periodicStub__E
00007218   ti_sysbios_family_msp430_Timer_periodicStub__F
00007258   xdc_runtime_HeapMin_free__E
00007258   xdc_runtime_HeapMin_free__F
00007298   xdc_runtime_System_rtsExit__I
000072d8   xdc_runtime_Text_printVisFxn__I
00007318   malloc
00007354   ti_sysbios_hal_Hwi_initStack
00007390   ti_sysbios_knl_Idle_loop__E
000073cc   xdc_runtime_System_atexit__E
000073cc   xdc_runtime_System_atexit__F
00007406   xdc_runtime_System_putchar__I
00007440   __TI_writemsg
00007472   C$$IO$$
00007476   xdc_runtime_LoggerBuf_write2__E
00007476   xdc_runtime_LoggerBuf_write2__F
000074ac   xdc_runtime_SysMin_abort__E
000074ac   xdc_runtime_SysMin_abort__F
000074ac   xdc_runtime_System_SupportProxy_abort__E
000074e0   __TI_readmsg
00007512   xdc_runtime_System_avprintf__E
00007512   xdc_runtime_System_avprintf__F
00007544   xdc_runtime_System_vprintf__E
00007544   xdc_runtime_System_vprintf__F
00007576   ti_sysbios_family_msp430_Timer_postInit__I
000075a6   ti_sysbios_family_msp430_Timer_stop__E
000075d6   xdc_runtime_LoggerBuf_reset__E
000075d6   xdc_runtime_LoggerBuf_reset__F
00007606   exit
00007634   xdc_runtime_LoggerBuf_write1__E
00007634   xdc_runtime_LoggerBuf_write1__F
00007660   ti_sysbios_family_msp430_Hwi_Object__get__S
0000768a   xdc_runtime_LoggerBuf_Module_startup__E
0000768a   xdc_runtime_LoggerBuf_Module_startup__F
000076b4   xdc_runtime_LoggerBuf_Object__get__S
000076de   xdc_runtime_SysMin_output__I
00007708   xdc_runtime_HeapMin_getStats__E
00007708   xdc_runtime_HeapMin_getStats__F
0000772e   xdc_runtime_LoggerBuf_write0__E
0000772e   xdc_runtime_LoggerBuf_write0__F
00007754   __TI_zero_init
00007778   __mspabi_mpyl_f5hw
0000779a   ti_sysbios_BIOS_exitFunc__I
000077bc   xdc_runtime_Error_check__E
000077bc   xdc_runtime_Error_check__F
000077dc   ti_sysbios_family_msp430_Hwi_Module__startupDone__F
000077dc   ti_sysbios_family_msp430_Hwi_Module__startupDone__S
000077fa   ti_sysbios_hal_Timer_Module__startupDone__F
000077fa   ti_sysbios_hal_Timer_Module__startupDone__S
00007818   free
00007834   ti_sysbios_BIOS_startFunc__I
00007850   ti_sysbios_family_msp430_Timer_Module__startupDone__F
00007850   ti_sysbios_family_msp430_Timer_Module__startupDone__S
0000786c   xdc_runtime_Registry_findById__E
0000786c   xdc_runtime_Registry_findById__F
00007888   xdc_runtime_SysMin_Module_startup__E
00007888   xdc_runtime_SysMin_Module_startup__F
000078a4   ti_sysbios_family_msp430_TimestampProvider_get64__E
000078a4   xdc_runtime_LoggerBuf_TimestampProxy_get64__E
000078be   xdc_runtime_System_vsnprintf__E
000078be   xdc_runtime_System_vsnprintf__F
000078d8   memset
000078ee   __mspabi_mpyi_f5hw
00007904   xdc_runtime_SysMin_exit__E
00007904   xdc_runtime_SysMin_exit__F
00007904   xdc_runtime_System_SupportProxy_exit__E
0000791a   xdc_runtime_System_abort__E
0000791a   xdc_runtime_System_abort__F
00007930   memcpy
00007944   xdc_runtime_Startup_exec__I
00007958   xdc_runtime_Text_ropeText__E
00007958   xdc_runtime_Text_ropeText__F
0000796c   __TI_decompress_none
0000797e   ti_sysbios_family_msp430_TimestampProvider_startTimer__E
0000797e   ti_sysbios_family_msp430_TimestampProvider_startTimer__F
00007990   xdc_runtime_System_aprintf__E
000079a2   xdc_runtime_System_printf__E
000079b4   ti_sysbios_BIOS_setThreadType__E
000079c4   ti_sysbios_gates_GateHwi_leave__E
000079d4   ti_sysbios_hal_Hwi_Module_startup__E
000079d4   ti_sysbios_hal_Hwi_Module_startup__F
000079e4   ti_sysbios_hal_Timer_Module_startup__E
000079e4   ti_sysbios_hal_Timer_Module_startup__F
000079f4   ti_sysbios_knl_Clock_Module_startup__E
000079f4   ti_sysbios_knl_Clock_Module_startup__F
00007a04   xdc_runtime_Error_init__E
00007a04   xdc_runtime_Error_init__F
00007a14   xdc_runtime_Text_visitRope__I
00007a24   myTickFxn
00007a32   strlen
00007a40   ti_sysbios_family_msp430_TimestampProvider_rolloverFunc__E
00007a40   ti_sysbios_family_msp430_TimestampProvider_rolloverFunc__F
00007a4e   xdc_runtime_SysMin_ready__E
00007a4e   xdc_runtime_SysMin_ready__F
00007a4e   xdc_runtime_System_SupportProxy_ready__E
00007a5c   ti_catalog_msp430_init_Boot_init
00007a68   atexit
00007a74   xdc_runtime_Gate_leaveSystem__E
00007a74   xdc_runtime_Gate_leaveSystem__F
00007a80   xdc_runtime_LoggerBuf_disable__E
00007a80   xdc_runtime_LoggerBuf_disable__F
00007a8c   xdc_runtime_LoggerBuf_enable__E
00007a8c   xdc_runtime_LoggerBuf_enable__F
00007a98   xdc_runtime_Memory_free__E
00007a98   xdc_runtime_Memory_free__F
00007aa4   ti_sysbios_gates_GateHwi_enter__E
00007aae   ti_catalog_msp430_init_Boot_disableWatchdog
00007ab6   __xdc__init
00007abe   ti_sysbios_family_msp430_Hwi_startup__E
00007abe   ti_sysbios_hal_Hwi_HwiProxy_startup__E
00007abe   ti_sysbios_hal_Hwi_startup__E
00007ac6   xdc_runtime_Gate_enterSystem__E
00007ac6   xdc_runtime_Gate_enterSystem__F
00007ade   xdc_runtime_Memory_getMaxDefaultTypeAlign__E
00007ade   xdc_runtime_Memory_getMaxDefaultTypeAlign__F
00007ae6   xdc_runtime_System_lastFxn__I
00007aee   __cxa_ia64_exit
00007af4   _register_lock
00007afa   _register_unlock
00007b00   __TI_decompress_rle24
00007b06   xdc_runtime_Error_getSite__E
00007b06   xdc_runtime_Error_getSite__F
00007b0c   LoggerBuf_instanceStartup
00007b10   __cxa_atexit
00007b14   _system_pre_init
00007b18   C$$EXIT
00007b18   abort
00007b1c   ti_sysbios_BIOS_start__E
00007b20   ti_sysbios_gates_GateHwi_query__E
00007b20   ti_sysbios_gates_GateHwi_query__F
00007b20   xdc_runtime_LoggerBuf_Module_GateProxy_query__E
00007b20   xdc_runtime_Main_Module_GateProxy_query__E
00007b20   xdc_runtime_System_Module_GateProxy_query__E
00007b24   ti_sysbios_hal_Hwi_HwiProxy_Module__startupDone__S
00007b28   ti_sysbios_hal_Timer_TimerProxy_Module__startupDone__S
00007b2c   ti_sysbios_knl_Swi_Module_startup__E
00007b2c   ti_sysbios_knl_Swi_Module_startup__F
00007b30   xdc_runtime_HeapMin_isBlocking__E
00007b30   xdc_runtime_HeapMin_isBlocking__F
00007b34   xdc_runtime_LoggerBuf_Module_GateProxy_enter__E
00007b38   xdc_runtime_LoggerBuf_Module_GateProxy_leave__E
00007b3c   xdc_runtime_Memory_HeapProxy_alloc__E
00007b40   xdc_runtime_Memory_HeapProxy_free__E
00007b44   xdc_runtime_Startup_reset__I
00007b48   xdc_runtime_System_Module_GateProxy_enter__E
00007b4c   xdc_runtime_System_Module_GateProxy_leave__E
00007b50   xdc_runtime_System_Module_startup__E
00007b50   xdc_runtime_System_Module_startup__F
00007b54   xdc_runtime_System_aprintf_va__E
00007b54   xdc_runtime_System_aprintf_va__F
00007b58   xdc_runtime_System_printf_va__E
00007b58   xdc_runtime_System_printf_va__F
00007b5c   _nop
00007b5e   ti_sysbios_BIOS_nullFunc__I
00007c5c   __TI_Handler_Table_Base
00007c68   __TI_Handler_Table_Limit
00007c74   __TI_CINIT_Base
00007c8c   __TI_CINIT_Limit
0000ffd2   __TI_int41
0000ffd4   __TI_int42
0000ffd6   __TI_int43
0000ffd8   __TI_int44
0000ffda   __TI_int45
0000ffdc   __TI_int46
0000ffde   __TI_int47
0000ffe0   __TI_int48
0000ffe2   __TI_int49
0000ffe4   __TI_int50
0000ffe6   __TI_int51
0000ffe8   __TI_int52
0000ffea   __TI_int53
0000ffec   __TI_int54
0000ffee   __TI_int55
0000fff0   __TI_int56
0000fff2   __TI_int57
0000fff4   __TI_int58
0000fff6   __TI_int59
0000fff8   __TI_int60
0000fffa   __TI_int61
0000fffc   __TI_int62
0000fffe   _reset_vector
ffffffff   __binit__
ffffffff   __c_args__
ffffffff   binit
UNDEFED    __TI_INITARRAY_Base
UNDEFED    __TI_INITARRAY_Limit

[1146 symbols]
